Component: ARM Compiler 5.06 update 7 (build 960) Tool: armlink [4d3601]

==============================================================================

Section Cross References

    startup_stm32f302xc.o(RESET) refers to startup_stm32f302xc.o(STACK) for __initial_sp
    startup_stm32f302xc.o(RESET) refers to startup_stm32f302xc.o(.text) for Reset_Handler
    startup_stm32f302xc.o(RESET) refers to stm32f3xx_it.o(i.NMI_Handler) for NMI_Handler
    startup_stm32f302xc.o(RESET) refers to stm32f3xx_it.o(i.HardFault_Handler) for HardFault_Handler
    startup_stm32f302xc.o(RESET) refers to stm32f3xx_it.o(i.MemManage_Handler) for MemManage_Handler
    startup_stm32f302xc.o(RESET) refers to stm32f3xx_it.o(i.BusFault_Handler) for BusFault_Handler
    startup_stm32f302xc.o(RESET) refers to stm32f3xx_it.o(i.UsageFault_Handler) for UsageFault_Handler
    startup_stm32f302xc.o(RESET) refers to stm32f3xx_it.o(i.SVC_Handler) for SVC_Handler
    startup_stm32f302xc.o(RESET) refers to stm32f3xx_it.o(i.DebugMon_Handler) for DebugMon_Handler
    startup_stm32f302xc.o(RESET) refers to stm32f3xx_it.o(i.PendSV_Handler) for PendSV_Handler
    startup_stm32f302xc.o(RESET) refers to stm32f3xx_it.o(i.SysTick_Handler) for SysTick_Handler
    startup_stm32f302xc.o(.text) refers to system_stm32f3xx.o(i.SystemInit) for SystemInit
    startup_stm32f302xc.o(.text) refers to entry.o(.ARM.Collect$$$$00000000) for __main
    user_uart.o(i.usart1DmaRxF) refers to stm32f3xx_hal_dma.o(i.HAL_DMA_Start) for HAL_DMA_Start
    user_uart.o(i.usart1DmaRxInitF) refers to stm32f3xx_hal_dma.o(i.HAL_DMA_Start) for HAL_DMA_Start
    user_uart.o(i.usart1DmaTxF) refers to stm32f3xx_hal_dma.o(i.HAL_DMA_Start) for HAL_DMA_Start
    user_uart.o(i.usart1DmaTxInitF) refers to stm32f3xx_hal_dma.o(i.HAL_DMA_Start) for HAL_DMA_Start
    user_can.o(i.canInitF) refers to memseta.o(.text) for __aeabi_memclr4
    user_can.o(i.canInitF) refers to stm32f3xx_hal_can.o(i.HAL_CAN_ConfigFilter) for HAL_CAN_ConfigFilter
    user_can.o(i.canInitF) refers to stm32f3xx_hal_can.o(i.HAL_CAN_Start) for HAL_CAN_Start
    user_can.o(i.canInitF) refers to stm32f3xx_hal.o(i.HAL_GetTick) for HAL_GetTick
    user_can.o(i.canTxMessageF1) refers to user_can.o(.data) for canConfigG
    user_can.o(i.canTxMessageF2) refers to user_can.o(.data) for canConfigG
    user_can.o(i.canTxMessageF3) refers to user_can.o(.data) for canConfigG
    user_can.o(i.userCanPollRoutineF) refers to stm32f3xx_hal_can.o(i.HAL_CAN_TxMailbox0AbortCallback) for HAL_CAN_TxMailbox0AbortCallback
    user_can.o(i.userCanPollRoutineF) refers to stm32f3xx_hal_can.o(i.HAL_CAN_TxMailbox1AbortCallback) for HAL_CAN_TxMailbox1AbortCallback
    user_can.o(i.userCanPollRoutineF) refers to stm32f3xx_hal_can.o(i.HAL_CAN_TxMailbox2AbortCallback) for HAL_CAN_TxMailbox2AbortCallback
    user_can.o(i.userCanPollRoutineF) refers to stm32f3xx_hal_can.o(i.HAL_CAN_RxFifo0FullCallback) for HAL_CAN_RxFifo0FullCallback
    user_can.o(i.userCanPollRoutineF) refers to stm32f3xx_hal_can.o(i.HAL_CAN_RxFifo1FullCallback) for HAL_CAN_RxFifo1FullCallback
    user_can.o(i.userCanPollRoutineF) refers to stm32f3xx_hal_can.o(i.HAL_CAN_SleepCallback) for HAL_CAN_SleepCallback
    user_can.o(i.userCanPollRoutineF) refers to stm32f3xx_hal_can.o(i.HAL_CAN_WakeUpFromRxMsgCallback) for HAL_CAN_WakeUpFromRxMsgCallback
    user_can.o(i.userCanPollRoutineF) refers to stm32f3xx_hal_can.o(i.HAL_CAN_ErrorCallback) for HAL_CAN_ErrorCallback
    user_can.o(i.userCanPollRoutineF) refers to user_can.o(.data) for canConfigG
    user_can.o(.data) refers to user_can.o(i.canTxMessageF1) for canTxMessageF1
    user_can.o(.data) refers to user_can.o(i.canTxMessageF2) for canTxMessageF2
    user_can.o(.data) refers to user_can.o(i.canTxMessageF3) for canTxMessageF3
    user_can.o(.data) refers to user_can.o(i.canRxMessageF1) for canRxMessageF1
    user_can.o(.data) refers to user_can.o(i.canRxMessageF2) for canRxMessageF2
    user_ccp.o(i.ccpCmdF) refers to user_ccp.o(.data) for ccpWriteAddressG
    user_ccp.o(i.ccpCmdF) refers to user_ccp.o(.bss) for ccpReadG
    main.o(i.MX_ADC1_Init) refers to memseta.o(.text) for __aeabi_memclr4
    main.o(i.MX_ADC1_Init) refers to stm32f3xx_hal_adc_ex.o(i.HAL_ADC_Init) for HAL_ADC_Init
    main.o(i.MX_ADC1_Init) refers to main.o(i.Error_Handler) for Error_Handler
    main.o(i.MX_ADC1_Init) refers to stm32f3xx_hal_adc_ex.o(i.HAL_ADCEx_MultiModeConfigChannel) for HAL_ADCEx_MultiModeConfigChannel
    main.o(i.MX_ADC1_Init) refers to stm32f3xx_hal_adc_ex.o(i.HAL_ADC_ConfigChannel) for HAL_ADC_ConfigChannel
    main.o(i.MX_ADC1_Init) refers to main.o(.bss) for hadc1
    main.o(i.MX_ADC2_Init) refers to memseta.o(.text) for __aeabi_memclr4
    main.o(i.MX_ADC2_Init) refers to stm32f3xx_hal_adc_ex.o(i.HAL_ADC_Init) for HAL_ADC_Init
    main.o(i.MX_ADC2_Init) refers to main.o(i.Error_Handler) for Error_Handler
    main.o(i.MX_ADC2_Init) refers to stm32f3xx_hal_adc_ex.o(i.HAL_ADC_ConfigChannel) for HAL_ADC_ConfigChannel
[...]
    Removing stm32f3xx_hal_flash.o(i.HAL_FLASH_GetError), (12 bytes).
    Removing stm32f3xx_hal_flash.o(i.HAL_FLASH_IRQHandler), (384 bytes).
    Removing stm32f3xx_hal_flash.o(i.HAL_FLASH_Lock), (20 bytes).
    Removing stm32f3xx_hal_flash.o(i.HAL_FLASH_OB_Launch), (28 bytes).
    Removing stm32f3xx_hal_flash.o(i.HAL_FLASH_OB_Lock), (20 bytes).
    Removing stm32f3xx_hal_flash.o(i.HAL_FLASH_OB_Unlock), (44 bytes).
    Removing stm32f3xx_hal_flash.o(i.HAL_FLASH_OperationErrorCallback), (2 bytes).
    Removing stm32f3xx_hal_flash.o(i.HAL_FLASH_Program), (176 bytes).
    Removing stm32f3xx_hal_flash.o(i.HAL_FLASH_Program_IT), (124 bytes).
    Removing stm32f3xx_hal_flash.o(i.HAL_FLASH_Unlock), (48 bytes).
    Removing stm32f3xx_hal_flash.o(.bss), (32 bytes).
    Removing stm32f3xx_hal_flash_ex.o(.rev16_text), (4 bytes).
    Removing stm32f3xx_hal_flash_ex.o(.revsh_text), (4 bytes).
    Removing stm32f3xx_hal_flash_ex.o(.rrx_text), (6 bytes).
    Removing stm32f3xx_hal_flash_ex.o(i.FLASH_MassErase), (40 bytes).
    Removing stm32f3xx_hal_flash_ex.o(i.FLASH_OB_DisableWRP), (232 bytes).
    Removing stm32f3xx_hal_flash_ex.o(i.FLASH_OB_EnableWRP), (236 bytes).
    Removing stm32f3xx_hal_flash_ex.o(i.FLASH_OB_GetRDP), (32 bytes).
    Removing stm32f3xx_hal_flash_ex.o(i.FLASH_OB_GetUser), (32 bytes).
    Removing stm32f3xx_hal_flash_ex.o(i.FLASH_OB_GetWRP), (12 bytes).
    Removing stm32f3xx_hal_flash_ex.o(i.FLASH_OB_ProgramData), (76 bytes).
    Removing stm32f3xx_hal_flash_ex.o(i.FLASH_OB_RDP_LevelConfig), (124 bytes).
    Removing stm32f3xx_hal_flash_ex.o(i.FLASH_OB_UserConfig), (84 bytes).
    Removing stm32f3xx_hal_flash_ex.o(i.FLASH_PageErase), (40 bytes).
    Removing stm32f3xx_hal_flash_ex.o(i.HAL_FLASHEx_Erase), (176 bytes).
    Removing stm32f3xx_hal_flash_ex.o(i.HAL_FLASHEx_Erase_IT), (100 bytes).
    Removing stm32f3xx_hal_flash_ex.o(i.HAL_FLASHEx_OBErase), (96 bytes).
    Removing stm32f3xx_hal_flash_ex.o(i.HAL_FLASHEx_OBGetConfig), (28 bytes).
    Removing stm32f3xx_hal_flash_ex.o(i.HAL_FLASHEx_OBGetUserData), (72 bytes).
    Removing stm32f3xx_hal_flash_ex.o(i.HAL_FLASHEx_OBProgram), (200 bytes).
    Removing stm32f3xx_hal_i2c.o(.rev16_text), (4 bytes).
    Removing stm32f3xx_hal_i2c.o(.revsh_text), (4 bytes).
    Removing stm32f3xx_hal_i2c.o(.rrx_text), (6 bytes).
    Removing stm32f3xx_hal_i2c.o(i.HAL_I2C_AbortCpltCallback), (2 bytes).
    Removing stm32f3xx_hal_i2c.o(i.HAL_I2C_AddrCallback), (2 bytes).
    Removing stm32f3xx_hal_i2c.o(i.HAL_I2C_DeInit), (60 bytes).
    Removing stm32f3xx_hal_i2c.o(i.HAL_I2C_DisableListen_IT), (54 bytes).
    Removing stm32f3xx_hal_i2c.o(i.HAL_I2C_ER_IRQHandler), (118 bytes).
    Removing stm32f3xx_hal_i2c.o(i.HAL_I2C_EV_IRQHandler), (28 bytes).
    Removing stm32f3xx_hal_i2c.o(i.HAL_I2C_EnableListen_IT), (44 bytes).
    Removing stm32f3xx_hal_i2c.o(i.HAL_I2C_ErrorCallback), (2 bytes).
    Removing stm32f3xx_hal_i2c.o(i.HAL_I2C_GetError), (6 bytes).
    Removing stm32f3xx_hal_i2c.o(i.HAL_I2C_GetMode), (8 bytes).
    Removing stm32f3xx_hal_i2c.o(i.HAL_I2C_GetState), (8 bytes).
    Removing stm32f3xx_hal_i2c.o(i.HAL_I2C_Init), (196 bytes).
    Removing stm32f3xx_hal_i2c.o(i.HAL_I2C_IsDeviceReady), (378 bytes).
    Removing stm32f3xx_hal_i2c.o(i.HAL_I2C_ListenCpltCallback), (2 bytes).
    Removing stm32f3xx_hal_i2c.o(i.HAL_I2C_MasterRxCpltCallback), (2 bytes).
    Removing stm32f3xx_hal_i2c.o(i.HAL_I2C_MasterTxCpltCallback), (2 bytes).
    Removing stm32f3xx_hal_i2c.o(i.HAL_I2C_Master_Abort_IT), (104 bytes).
    Removing stm32f3xx_hal_i2c.o(i.HAL_I2C_Master_Receive), (356 bytes).
    Removing stm32f3xx_hal_i2c.o(i.HAL_I2C_Master_Receive_DMA), (368 bytes).
    Removing stm32f3xx_hal_i2c.o(i.HAL_I2C_Master_Receive_IT), (168 bytes).
    Removing stm32f3xx_hal_i2c.o(i.HAL_I2C_Master_Seq_Receive_DMA), (400 bytes).
    Removing stm32f3xx_hal_i2c.o(i.HAL_I2C_Master_Seq_Receive_IT), (196 bytes).
    Removing stm32f3xx_hal_i2c.o(i.HAL_I2C_Master_Seq_Transmit_DMA), (400 bytes).
    Removing stm32f3xx_hal_i2c.o(i.HAL_I2C_Master_Seq_Transmit_IT), (196 bytes).
    Removing stm32f3xx_hal_i2c.o(i.HAL_I2C_Master_Transmit), (352 bytes).
    Removing stm32f3xx_hal_i2c.o(i.HAL_I2C_Master_Transmit_DMA), (368 bytes).
    Removing stm32f3xx_hal_i2c.o(i.HAL_I2C_Master_Transmit_IT), (168 bytes).
    Removing stm32f3xx_hal_i2c.o(i.HAL_I2C_MemRxCpltCallback), (2 bytes).
    Removing stm32f3xx_hal_i2c.o(i.HAL_I2C_MemTxCpltCallback), (2 bytes).
    Removing stm32f3xx_hal_i2c.o(i.HAL_I2C_Mem_Read), (416 bytes).
    Removing stm32f3xx_hal_i2c.o(i.HAL_I2C_Mem_Read_DMA), (384 bytes).
    Removing stm32f3xx_hal_i2c.o(i.HAL_I2C_Mem_Read_IT), (232 bytes).
    Removing stm32f3xx_hal_i2c.o(i.HAL_I2C_Mem_Write), (408 bytes).
    Removing stm32f3xx_hal_i2c.o(i.HAL_I2C_Mem_Write_DMA), (380 bytes).
    Removing stm32f3xx_hal_i2c.o(i.HAL_I2C_Mem_Write_IT), (228 bytes).
    Removing stm32f3xx_hal_i2c.o(i.HAL_I2C_MspDeInit), (2 bytes).
    Removing stm32f3xx_hal_i2c.o(i.HAL_I2C_MspInit), (2 bytes).
    Removing stm32f3xx_hal_i2c.o(i.HAL_I2C_SlaveRxCpltCallback), (2 bytes).
    Removing stm32f3xx_hal_i2c.o(i.HAL_I2C_SlaveTxCpltCallback), (2 bytes).
    Removing stm32f3xx_hal_i2c.o(i.HAL_I2C_Slave_Receive), (362 bytes).
    Removing stm32f3xx_hal_i2c.o(i.HAL_I2C_Slave_Receive_DMA), (276 bytes).
    Removing stm32f3xx_hal_i2c.o(i.HAL_I2C_Slave_Receive_IT), (116 bytes).
    Removing stm32f3xx_hal_i2c.o(i.HAL_I2C_Slave_Seq_Receive_DMA), (444 bytes).
    Removing stm32f3xx_hal_i2c.o(i.HAL_I2C_Slave_Seq_Receive_IT), (228 bytes).
    Removing stm32f3xx_hal_i2c.o(i.HAL_I2C_Slave_Seq_Transmit_DMA), (444 bytes).
    Removing stm32f3xx_hal_i2c.o(i.HAL_I2C_Slave_Seq_Transmit_IT), (228 bytes).
    Removing stm32f3xx_hal_i2c.o(i.HAL_I2C_Slave_Transmit), (388 bytes).
    Removing stm32f3xx_hal_i2c.o(i.HAL_I2C_Slave_Transmit_DMA), (276 bytes).
    Removing stm32f3xx_hal_i2c.o(i.HAL_I2C_Slave_Transmit_IT), (116 bytes).
    Removing stm32f3xx_hal_i2c.o(i.I2C_ConvertOtherXferOptions), (28 bytes).
    Removing stm32f3xx_hal_i2c.o(i.I2C_DMAAbort), (46 bytes).
    Removing stm32f3xx_hal_i2c.o(i.I2C_DMAError), (28 bytes).
    Removing stm32f3xx_hal_i2c.o(i.I2C_DMAMasterReceiveCplt), (94 bytes).
    Removing stm32f3xx_hal_i2c.o(i.I2C_DMAMasterTransmitCplt), (94 bytes).
    Removing stm32f3xx_hal_i2c.o(i.I2C_DMASlaveReceiveCplt), (42 bytes).
    Removing stm32f3xx_hal_i2c.o(i.I2C_DMASlaveTransmitCplt), (36 bytes).
    Removing stm32f3xx_hal_i2c.o(i.I2C_Disable_IRQ), (120 bytes).
    Removing stm32f3xx_hal_i2c.o(i.I2C_Enable_IRQ), (140 bytes).
    Removing stm32f3xx_hal_i2c.o(i.I2C_Flush_TXDR), (40 bytes).
    Removing stm32f3xx_hal_i2c.o(i.I2C_ITAddrCplt), (202 bytes).
    Removing stm32f3xx_hal_i2c.o(i.I2C_ITError), (284 bytes).
    Removing stm32f3xx_hal_i2c.o(i.I2C_ITListenCplt), (108 bytes).
    Removing stm32f3xx_hal_i2c.o(i.I2C_ITMasterCplt), (232 bytes).
    Removing stm32f3xx_hal_i2c.o(i.I2C_ITMasterSeqCplt), (98 bytes).
    Removing stm32f3xx_hal_i2c.o(i.I2C_ITSlaveCplt), (296 bytes).
    Removing stm32f3xx_hal_i2c.o(i.I2C_ITSlaveSeqCplt), (98 bytes).
    Removing stm32f3xx_hal_i2c.o(i.I2C_IsAcknowledgeFailed), (152 bytes).
    Removing stm32f3xx_hal_i2c.o(i.I2C_Master_ISR_DMA), (352 bytes).
    Removing stm32f3xx_hal_i2c.o(i.I2C_Master_ISR_IT), (408 bytes).
    Removing stm32f3xx_hal_i2c.o(i.I2C_RequestMemoryRead), (124 bytes).
    Removing stm32f3xx_hal_i2c.o(i.I2C_RequestMemoryWrite), (124 bytes).
    Removing stm32f3xx_hal_i2c.o(i.I2C_Slave_ISR_DMA), (280 bytes).
    Removing stm32f3xx_hal_i2c.o(i.I2C_Slave_ISR_IT), (328 bytes).
    Removing stm32f3xx_hal_i2c.o(i.I2C_TransferConfig), (52 bytes).
    Removing stm32f3xx_hal_i2c.o(i.I2C_WaitOnFlagUntilTimeout), (94 bytes).
    Removing stm32f3xx_hal_i2c.o(i.I2C_WaitOnRXNEFlagUntilTimeout), (160 bytes).
    Removing stm32f3xx_hal_i2c.o(i.I2C_WaitOnSTOPFlagUntilTimeout), (86 bytes).
    Removing stm32f3xx_hal_i2c.o(i.I2C_WaitOnTXISFlagUntilTimeout), (90 bytes).
    Removing stm32f3xx_hal_i2c_ex.o(.rev16_text), (4 bytes).
    Removing stm32f3xx_hal_i2c_ex.o(.revsh_text), (4 bytes).
    Removing stm32f3xx_hal_i2c_ex.o(.rrx_text), (6 bytes).
    Removing stm32f3xx_hal_i2c_ex.o(i.HAL_I2CEx_ConfigAnalogFilter), (106 bytes).
    Removing stm32f3xx_hal_i2c_ex.o(i.HAL_I2CEx_ConfigDigitalFilter), (104 bytes).
    Removing stm32f3xx_hal_i2c_ex.o(i.HAL_I2CEx_DisableFastModePlus), (52 bytes).
    Removing stm32f3xx_hal_i2c_ex.o(i.HAL_I2CEx_DisableWakeUp), (96 bytes).
    Removing stm32f3xx_hal_i2c_ex.o(i.HAL_I2CEx_EnableFastModePlus), (52 bytes).
    Removing stm32f3xx_hal_i2c_ex.o(i.HAL_I2CEx_EnableWakeUp), (96 bytes).
    Removing stm32f3xx_hal_exti.o(.rev16_text), (4 bytes).
    Removing stm32f3xx_hal_exti.o(.revsh_text), (4 bytes).
    Removing stm32f3xx_hal_exti.o(.rrx_text), (6 bytes).
    Removing stm32f3xx_hal_exti.o(i.HAL_EXTI_ClearConfigLine), (148 bytes).
    Removing stm32f3xx_hal_exti.o(i.HAL_EXTI_ClearPending), (36 bytes).
    Removing stm32f3xx_hal_exti.o(i.HAL_EXTI_GenerateSWI), (36 bytes).
    Removing stm32f3xx_hal_exti.o(i.HAL_EXTI_GetConfigLine), (212 bytes).
    Removing stm32f3xx_hal_exti.o(i.HAL_EXTI_GetHandle), (14 bytes).
    Removing stm32f3xx_hal_exti.o(i.HAL_EXTI_GetPending), (44 bytes).
    Removing stm32f3xx_hal_exti.o(i.HAL_EXTI_IRQHandler), (60 bytes).
    Removing stm32f3xx_hal_exti.o(i.HAL_EXTI_RegisterCallback), (20 bytes).
    Removing stm32f3xx_hal_exti.o(i.HAL_EXTI_SetConfigLine), (228 bytes).
    Removing stm32f3xx_hal_can.o(.rev16_text), (4 bytes).
    Removing stm32f3xx_hal_can.o(.revsh_text), (4 bytes).
    Removing stm32f3xx_hal_can.o(.rrx_text), (6 bytes).
    Removing stm32f3xx_hal_can.o(i.HAL_CAN_AbortTxRequest), (86 bytes).
    Removing stm32f3xx_hal_can.o(i.HAL_CAN_ActivateNotification), (42 bytes).
    Removing stm32f3xx_hal_can.o(i.HAL_CAN_AddTxMessage), (342 bytes).
    Removing stm32f3xx_hal_can.o(i.HAL_CAN_DeInit), (46 bytes).
    Removing stm32f3xx_hal_can.o(i.HAL_CAN_DeactivateNotification), (42 bytes).
    Removing stm32f3xx_hal_can.o(i.HAL_CAN_GetError), (6 bytes).
    Removing stm32f3xx_hal_can.o(i.HAL_CAN_GetRxFifoFillLevel), (40 bytes).
    Removing stm32f3xx_hal_can.o(i.HAL_CAN_GetRxMessage), (378 bytes).
    Removing stm32f3xx_hal_can.o(i.HAL_CAN_GetState), (42 bytes).
    Removing stm32f3xx_hal_can.o(i.HAL_CAN_GetTxMailboxesFreeLevel), (54 bytes).
    Removing stm32f3xx_hal_can.o(i.HAL_CAN_GetTxTimestamp), (42 bytes).
    Removing stm32f3xx_hal_can.o(i.HAL_CAN_IRQHandler), (590 bytes).
    Removing stm32f3xx_hal_can.o(i.HAL_CAN_IsSleepActive), (30 bytes).
    Removing stm32f3xx_hal_can.o(i.HAL_CAN_IsTxMessagePending), (36 bytes).
    Removing stm32f3xx_hal_can.o(i.HAL_CAN_MspDeInit), (2 bytes).
    Removing stm32f3xx_hal_can.o(i.HAL_CAN_MspInit), (2 bytes).
    Removing stm32f3xx_hal_can.o(i.HAL_CAN_RequestSleep), (42 bytes).
    Removing stm32f3xx_hal_can.o(i.HAL_CAN_ResetError), (34 bytes).
    Removing stm32f3xx_hal_can.o(i.HAL_CAN_RxFifo0MsgPendingCallback), (2 bytes).
    Removing stm32f3xx_hal_can.o(i.HAL_CAN_RxFifo1MsgPendingCallback), (2 bytes).
    Removing stm32f3xx_hal_can.o(i.HAL_CAN_Stop), (106 bytes).
    Removing stm32f3xx_hal_can.o(i.HAL_CAN_TxMailbox0CompleteCallback), (2 bytes).
    Removing stm32f3xx_hal_can.o(i.HAL_CAN_TxMailbox1CompleteCallback), (2 bytes).
    Removing stm32f3xx_hal_can.o(i.HAL_CAN_TxMailbox2CompleteCallback), (2 bytes).
    Removing stm32f3xx_hal_can.o(i.HAL_CAN_WakeUp), (92 bytes).
    Removing stm32f3xx_hal_tim.o(.rev16_text), (4 bytes).
    Removing stm32f3xx_hal_tim.o(.revsh_text), (4 bytes).
    Removing stm32f3xx_hal_tim.o(.rrx_text), (6 bytes).
    Removing stm32f3xx_hal_tim.o(i.HAL_TIM_Base_DeInit), (70 bytes).
    Removing stm32f3xx_hal_tim.o(i.HAL_TIM_Base_GetState), (8 bytes).
    Removing stm32f3xx_hal_tim.o(i.HAL_TIM_Base_MspDeInit), (2 bytes).
    Removing stm32f3xx_hal_tim.o(i.HAL_TIM_Base_MspInit), (2 bytes).
    Removing stm32f3xx_hal_tim.o(i.HAL_TIM_Base_Start_DMA), (148 bytes).
    Removing stm32f3xx_hal_tim.o(i.HAL_TIM_Base_Start_IT), (56 bytes).
    Removing stm32f3xx_hal_tim.o(i.HAL_TIM_Base_Stop), (56 bytes).
    Removing stm32f3xx_hal_tim.o(i.HAL_TIM_Base_Stop_DMA), (70 bytes).
    Removing stm32f3xx_hal_tim.o(i.HAL_TIM_Base_Stop_IT), (56 bytes).
    Removing stm32f3xx_hal_tim.o(i.HAL_TIM_ConfigOCrefClear), (378 bytes).
    Removing stm32f3xx_hal_tim.o(i.HAL_TIM_ConfigTI1Input), (22 bytes).
    Removing stm32f3xx_hal_tim.o(i.HAL_TIM_DMABurst_MultiReadStart), (468 bytes).
    Removing stm32f3xx_hal_tim.o(i.HAL_TIM_DMABurst_MultiWriteStart), (468 bytes).
    Removing stm32f3xx_hal_tim.o(i.HAL_TIM_DMABurst_ReadStart), (38 bytes).
    Removing stm32f3xx_hal_tim.o(i.HAL_TIM_DMABurst_ReadStop), (146 bytes).
    Removing stm32f3xx_hal_tim.o(i.HAL_TIM_DMABurst_WriteStart), (38 bytes).
    Removing stm32f3xx_hal_tim.o(i.HAL_TIM_DMABurst_WriteStop), (146 bytes).
    Removing stm32f3xx_hal_tim.o(i.HAL_TIM_Encoder_DeInit), (70 bytes).
    Removing stm32f3xx_hal_tim.o(i.HAL_TIM_Encoder_GetState), (8 bytes).
    Removing stm32f3xx_hal_tim.o(i.HAL_TIM_Encoder_Init), (176 bytes).
    Removing stm32f3xx_hal_tim.o(i.HAL_TIM_Encoder_MspDeInit), (2 bytes).
    Removing stm32f3xx_hal_tim.o(i.HAL_TIM_Encoder_MspInit), (2 bytes).
    Removing stm32f3xx_hal_tim.o(i.HAL_TIM_Encoder_Start), (78 bytes).
    Removing stm32f3xx_hal_tim.o(i.HAL_TIM_Encoder_Start_DMA), (380 bytes).
    Removing stm32f3xx_hal_tim.o(i.HAL_TIM_Encoder_Start_IT), (126 bytes).
    Removing stm32f3xx_hal_tim.o(i.HAL_TIM_Encoder_Stop), (104 bytes).
    Removing stm32f3xx_hal_tim.o(i.HAL_TIM_Encoder_Stop_DMA), (176 bytes).
    Removing stm32f3xx_hal_tim.o(i.HAL_TIM_Encoder_Stop_IT), (152 bytes).
    Removing stm32f3xx_hal_tim.o(i.HAL_TIM_ErrorCallback), (2 bytes).
    Removing stm32f3xx_hal_tim.o(i.HAL_TIM_GenerateEvent), (54 bytes).
    Removing stm32f3xx_hal_tim.o(i.HAL_TIM_IC_CaptureCallback), (2 bytes).
    Removing stm32f3xx_hal_tim.o(i.HAL_TIM_IC_CaptureHalfCpltCallback), (2 bytes).
    Removing stm32f3xx_hal_tim.o(i.HAL_TIM_IC_ConfigChannel), (224 bytes).
    Removing stm32f3xx_hal_tim.o(i.HAL_TIM_IC_DeInit), (70 bytes).
    Removing stm32f3xx_hal_tim.o(i.HAL_TIM_IC_GetState), (8 bytes).
    Removing stm32f3xx_hal_tim.o(i.HAL_TIM_IC_Init), (52 bytes).
    Removing stm32f3xx_hal_tim.o(i.HAL_TIM_IC_MspDeInit), (2 bytes).
    Removing stm32f3xx_hal_tim.o(i.HAL_TIM_IC_MspInit), (2 bytes).
    Removing stm32f3xx_hal_tim.o(i.HAL_TIM_IC_Start), (56 bytes).
    Removing stm32f3xx_hal_tim.o(i.HAL_TIM_IC_Start_DMA), (348 bytes).
    Removing stm32f3xx_hal_tim.o(i.HAL_TIM_IC_Start_IT), (132 bytes).
    Removing stm32f3xx_hal_tim.o(i.HAL_TIM_IC_Stop), (58 bytes).
    Removing stm32f3xx_hal_tim.o(i.HAL_TIM_IC_Stop_DMA), (164 bytes).
    Removing stm32f3xx_hal_tim.o(i.HAL_TIM_IC_Stop_IT), (134 bytes).
    Removing stm32f3xx_hal_tim.o(i.HAL_TIM_IRQHandler), (440 bytes).
    Removing stm32f3xx_hal_tim.o(i.HAL_TIM_OC_ConfigChannel), (148 bytes).
    Removing stm32f3xx_hal_tim.o(i.HAL_TIM_OC_DeInit), (70 bytes).
    Removing stm32f3xx_hal_tim.o(i.HAL_TIM_OC_DelayElapsedCallback), (2 bytes).
    Removing stm32f3xx_hal_tim.o(i.HAL_TIM_OC_GetState), (8 bytes).
    Removing stm32f3xx_hal_tim.o(i.HAL_TIM_OC_Init), (52 bytes).
    Removing stm32f3xx_hal_tim.o(i.HAL_TIM_OC_MspDeInit), (2 bytes).
    Removing stm32f3xx_hal_tim.o(i.HAL_TIM_OC_MspInit), (2 bytes).
    Removing stm32f3xx_hal_tim.o(i.HAL_TIM_OC_Start), (124 bytes).
    Removing stm32f3xx_hal_tim.o(i.HAL_TIM_OC_Start_DMA), (416 bytes).
    Removing stm32f3xx_hal_tim.o(i.HAL_TIM_OC_Start_IT), (200 bytes).
    Removing stm32f3xx_hal_tim.o(i.HAL_TIM_OC_Stop), (152 bytes).
    Removing stm32f3xx_hal_tim.o(i.HAL_TIM_OC_Stop_DMA), (260 bytes).
    Removing stm32f3xx_hal_tim.o(i.HAL_TIM_OC_Stop_IT), (228 bytes).
    Removing stm32f3xx_hal_tim.o(i.HAL_TIM_OnePulse_ConfigChannel), (292 bytes).
    Removing stm32f3xx_hal_tim.o(i.HAL_TIM_OnePulse_DeInit), (70 bytes).
    Removing stm32f3xx_hal_tim.o(i.HAL_TIM_OnePulse_GetState), (8 bytes).
    Removing stm32f3xx_hal_tim.o(i.HAL_TIM_OnePulse_Init), (76 bytes).
    Removing stm32f3xx_hal_tim.o(i.HAL_TIM_OnePulse_MspDeInit), (2 bytes).
    Removing stm32f3xx_hal_tim.o(i.HAL_TIM_OnePulse_MspInit), (2 bytes).
    Removing stm32f3xx_hal_tim.o(i.HAL_TIM_OnePulse_Start), (100 bytes).
    Removing stm32f3xx_hal_tim.o(i.HAL_TIM_OnePulse_Start_IT), (124 bytes).
    Removing stm32f3xx_hal_tim.o(i.HAL_TIM_OnePulse_Stop), (164 bytes).
    Removing stm32f3xx_hal_tim.o(i.HAL_TIM_OnePulse_Stop_IT), (188 bytes).
    Removing stm32f3xx_hal_tim.o(i.HAL_TIM_PWM_ConfigChannel), (372 bytes).
    Removing stm32f3xx_hal_tim.o(i.HAL_TIM_PWM_DeInit), (70 bytes).
    Removing stm32f3xx_hal_tim.o(i.HAL_TIM_PWM_GetState), (8 bytes).
    Removing stm32f3xx_hal_tim.o(i.HAL_TIM_PWM_Init), (52 bytes).
    Removing stm32f3xx_hal_tim.o(i.HAL_TIM_PWM_MspDeInit), (2 bytes).
    Removing stm32f3xx_hal_tim.o(i.HAL_TIM_PWM_MspInit), (2 bytes).
    Removing stm32f3xx_hal_tim.o(i.HAL_TIM_PWM_PulseFinishedCallback), (2 bytes).
    Removing stm32f3xx_hal_tim.o(i.HAL_TIM_PWM_PulseFinishedHalfCpltCallback), (2 bytes).
    Removing stm32f3xx_hal_tim.o(i.HAL_TIM_PWM_Start), (124 bytes).
    Removing stm32f3xx_hal_tim.o(i.HAL_TIM_PWM_Start_DMA), (416 bytes).
    Removing stm32f3xx_hal_tim.o(i.HAL_TIM_PWM_Start_IT), (200 bytes).
    Removing stm32f3xx_hal_tim.o(i.HAL_TIM_PWM_Stop), (160 bytes).
    Removing stm32f3xx_hal_tim.o(i.HAL_TIM_PWM_Stop_DMA), (260 bytes).
    Removing stm32f3xx_hal_tim.o(i.HAL_TIM_PWM_Stop_IT), (228 bytes).
    Removing stm32f3xx_hal_tim.o(i.HAL_TIM_PeriodElapsedCallback), (2 bytes).
    Removing stm32f3xx_hal_tim.o(i.HAL_TIM_PeriodElapsedHalfCpltCallback), (2 bytes).
    Removing stm32f3xx_hal_tim.o(i.HAL_TIM_ReadCapturedValue), (50 bytes).
    Removing stm32f3xx_hal_tim.o(i.HAL_TIM_SlaveConfigSynchro), (108 bytes).
    Removing stm32f3xx_hal_tim.o(i.HAL_TIM_SlaveConfigSynchro_IT), (108 bytes).
    Removing stm32f3xx_hal_tim.o(i.HAL_TIM_TriggerCallback), (2 bytes).
    Removing stm32f3xx_hal_tim.o(i.HAL_TIM_TriggerHalfCpltCallback), (2 bytes).
    Removing stm32f3xx_hal_tim.o(i.TIM_CCxChannelCmd), (34 bytes).
    Removing stm32f3xx_hal_tim.o(i.TIM_DMACaptureCplt), (70 bytes).
    Removing stm32f3xx_hal_tim.o(i.TIM_DMACaptureHalfCplt), (70 bytes).
    Removing stm32f3xx_hal_tim.o(i.TIM_DMADelayPulseCplt), (70 bytes).
    Removing stm32f3xx_hal_tim.o(i.TIM_DMADelayPulseHalfCplt), (70 bytes).
    Removing stm32f3xx_hal_tim.o(i.TIM_DMAError), (20 bytes).
    Removing stm32f3xx_hal_tim.o(i.TIM_DMAPeriodElapsedCplt), (20 bytes).
    Removing stm32f3xx_hal_tim.o(i.TIM_DMAPeriodElapsedHalfCplt), (20 bytes).
    Removing stm32f3xx_hal_tim.o(i.TIM_DMATriggerCplt), (20 bytes).
    Removing stm32f3xx_hal_tim.o(i.TIM_DMATriggerHalfCplt), (20 bytes).
    Removing stm32f3xx_hal_tim.o(i.TIM_OC1_SetConfig), (152 bytes).
    Removing stm32f3xx_hal_tim.o(i.TIM_OC2_SetConfig), (164 bytes).
    Removing stm32f3xx_hal_tim.o(i.TIM_OC3_SetConfig), (160 bytes).
    Removing stm32f3xx_hal_tim.o(i.TIM_OC4_SetConfig), (108 bytes).
    Removing stm32f3xx_hal_tim.o(i.TIM_OC5_SetConfig), (100 bytes).
    Removing stm32f3xx_hal_tim.o(i.TIM_OC6_SetConfig), (104 bytes).
    Removing stm32f3xx_hal_tim.o(i.TIM_SlaveTimer_SetConfig), (176 bytes).
    Removing stm32f3xx_hal_tim.o(i.TIM_TI1_SetConfig), (112 bytes).
    Removing stm32f3xx_hal_tim.o(i.TIM_TI2_SetConfig), (58 bytes).
    Removing stm32f3xx_hal_tim.o(i.TIM_TI3_SetConfig), (56 bytes).
    Removing stm32f3xx_hal_tim.o(i.TIM_TI4_SetConfig), (60 bytes).
    Removing stm32f3xx_hal_tim_ex.o(.rev16_text), (4 bytes).
    Removing stm32f3xx_hal_tim_ex.o(.revsh_text), (4 bytes).
    Removing stm32f3xx_hal_tim_ex.o(.rrx_text), (6 bytes).
    Removing stm32f3xx_hal_tim_ex.o(i.HAL_TIMEx_Break2Callback), (2 bytes).
    Removing stm32f3xx_hal_tim_ex.o(i.HAL_TIMEx_BreakCallback), (2 bytes).
    Removing stm32f3xx_hal_tim_ex.o(i.HAL_TIMEx_CommutCallback), (2 bytes).
    Removing stm32f3xx_hal_tim_ex.o(i.HAL_TIMEx_CommutHalfCpltCallback), (2 bytes).
    Removing stm32f3xx_hal_tim_ex.o(i.HAL_TIMEx_ConfigBreakDeadTime), (168 bytes).
    Removing stm32f3xx_hal_tim_ex.o(i.HAL_TIMEx_ConfigCommutEvent), (134 bytes).
    Removing stm32f3xx_hal_tim_ex.o(i.HAL_TIMEx_ConfigCommutEvent_DMA), (164 bytes).
    Removing stm32f3xx_hal_tim_ex.o(i.HAL_TIMEx_ConfigCommutEvent_IT), (134 bytes).
    Removing stm32f3xx_hal_tim_ex.o(i.HAL_TIMEx_GroupChannel5), (72 bytes).
    Removing stm32f3xx_hal_tim_ex.o(i.HAL_TIMEx_HallSensor_DeInit), (70 bytes).
    Removing stm32f3xx_hal_tim_ex.o(i.HAL_TIMEx_HallSensor_GetState), (8 bytes).
    Removing stm32f3xx_hal_tim_ex.o(i.HAL_TIMEx_HallSensor_Init), (212 bytes).
    Removing stm32f3xx_hal_tim_ex.o(i.HAL_TIMEx_HallSensor_MspDeInit), (2 bytes).
    Removing stm32f3xx_hal_tim_ex.o(i.HAL_TIMEx_HallSensor_MspInit), (2 bytes).
    Removing stm32f3xx_hal_tim_ex.o(i.HAL_TIMEx_HallSensor_Start), (56 bytes).
    Removing stm32f3xx_hal_tim_ex.o(i.HAL_TIMEx_HallSensor_Start_DMA), (156 bytes).
    Removing stm32f3xx_hal_tim_ex.o(i.HAL_TIMEx_HallSensor_Start_IT), (68 bytes).
    Removing stm32f3xx_hal_tim_ex.o(i.HAL_TIMEx_HallSensor_Stop), (56 bytes).
    Removing stm32f3xx_hal_tim_ex.o(i.HAL_TIMEx_HallSensor_Stop_DMA), (74 bytes).
    Removing stm32f3xx_hal_tim_ex.o(i.HAL_TIMEx_HallSensor_Stop_IT), (68 bytes).
    Removing stm32f3xx_hal_tim_ex.o(i.HAL_TIMEx_OCN_Start), (68 bytes).
    Removing stm32f3xx_hal_tim_ex.o(i.HAL_TIMEx_OCN_Start_DMA), (300 bytes).
    Removing stm32f3xx_hal_tim_ex.o(i.HAL_TIMEx_OCN_Start_IT), (140 bytes).
    Removing stm32f3xx_hal_tim_ex.o(i.HAL_TIMEx_OCN_Stop), (96 bytes).
    Removing stm32f3xx_hal_tim_ex.o(i.HAL_TIMEx_OCN_Stop_DMA), (178 bytes).
    Removing stm32f3xx_hal_tim_ex.o(i.HAL_TIMEx_OCN_Stop_IT), (178 bytes).
    Removing stm32f3xx_hal_tim_ex.o(i.HAL_TIMEx_OnePulseN_Start), (32 bytes).
    Removing stm32f3xx_hal_tim_ex.o(i.HAL_TIMEx_OnePulseN_Start_IT), (56 bytes).
    Removing stm32f3xx_hal_tim_ex.o(i.HAL_TIMEx_OnePulseN_Stop), (96 bytes).
    Removing stm32f3xx_hal_tim_ex.o(i.HAL_TIMEx_OnePulseN_Stop_IT), (120 bytes).
    Removing stm32f3xx_hal_tim_ex.o(i.HAL_TIMEx_PWMN_Start), (68 bytes).
    Removing stm32f3xx_hal_tim_ex.o(i.HAL_TIMEx_PWMN_Start_DMA), (300 bytes).
    Removing stm32f3xx_hal_tim_ex.o(i.HAL_TIMEx_PWMN_Start_IT), (140 bytes).
    Removing stm32f3xx_hal_tim_ex.o(i.HAL_TIMEx_PWMN_Stop), (96 bytes).
    Removing stm32f3xx_hal_tim_ex.o(i.HAL_TIMEx_PWMN_Stop_DMA), (178 bytes).
    Removing stm32f3xx_hal_tim_ex.o(i.HAL_TIMEx_PWMN_Stop_IT), (178 bytes).
    Removing stm32f3xx_hal_tim_ex.o(i.HAL_TIMEx_RemapConfig), (42 bytes).
    Removing stm32f3xx_hal_tim_ex.o(i.TIMEx_DMACommutationCplt), (20 bytes).
    Removing stm32f3xx_hal_tim_ex.o(i.TIMEx_DMACommutationHalfCplt), (20 bytes).
    Removing stm32f3xx_hal_tim_ex.o(i.TIM_CCxNChannelCmd), (34 bytes).
    Removing stm32f3xx_hal_uart.o(.rev16_text), (4 bytes).
    Removing stm32f3xx_hal_uart.o(.revsh_text), (4 bytes).
    Removing stm32f3xx_hal_uart.o(.rrx_text), (6 bytes).
    Removing stm32f3xx_hal_uart.o(i.HAL_HalfDuplex_EnableReceiver), (70 bytes).
    Removing stm32f3xx_hal_uart.o(i.HAL_HalfDuplex_EnableTransmitter), (70 bytes).
    Removing stm32f3xx_hal_uart.o(i.HAL_HalfDuplex_Init), (120 bytes).
    Removing stm32f3xx_hal_uart.o(i.HAL_LIN_Init), (156 bytes).
    Removing stm32f3xx_hal_uart.o(i.HAL_LIN_SendBreak), (58 bytes).
    Removing stm32f3xx_hal_uart.o(i.HAL_MultiProcessor_DisableMuteMode), (54 bytes).
    Removing stm32f3xx_hal_uart.o(i.HAL_MultiProcessor_EnableMuteMode), (54 bytes).
    Removing stm32f3xx_hal_uart.o(i.HAL_MultiProcessor_EnterMuteMode), (14 bytes).
    Removing stm32f3xx_hal_uart.o(i.HAL_MultiProcessor_Init), (144 bytes).
    Removing stm32f3xx_hal_uart.o(i.HAL_UART_Abort), (190 bytes).
    Removing stm32f3xx_hal_uart.o(i.HAL_UART_AbortCpltCallback), (2 bytes).
    Removing stm32f3xx_hal_uart.o(i.HAL_UART_AbortReceive), (120 bytes).
    Removing stm32f3xx_hal_uart.o(i.HAL_UART_AbortReceiveCpltCallback), (2 bytes).
    Removing stm32f3xx_hal_uart.o(i.HAL_UART_AbortReceive_IT), (148 bytes).
    Removing stm32f3xx_hal_uart.o(i.HAL_UART_AbortTransmit), (90 bytes).
    Removing stm32f3xx_hal_uart.o(i.HAL_UART_AbortTransmitCpltCallback), (2 bytes).
    Removing stm32f3xx_hal_uart.o(i.HAL_UART_AbortTransmit_IT), (112 bytes).
    Removing stm32f3xx_hal_uart.o(i.HAL_UART_Abort_IT), (248 bytes).
    Removing stm32f3xx_hal_uart.o(i.HAL_UART_DMAPause), (124 bytes).
    Removing stm32f3xx_hal_uart.o(i.HAL_UART_DMAResume), (104 bytes).
    Removing stm32f3xx_hal_uart.o(i.HAL_UART_DMAStop), (140 bytes).
    Removing stm32f3xx_hal_uart.o(i.HAL_UART_DeInit), (66 bytes).
    Removing stm32f3xx_hal_uart.o(i.HAL_UART_DisableReceiverTimeout), (66 bytes).
    Removing stm32f3xx_hal_uart.o(i.HAL_UART_EnableReceiverTimeout), (66 bytes).
    Removing stm32f3xx_hal_uart.o(i.HAL_UART_ErrorCallback), (2 bytes).
    Removing stm32f3xx_hal_uart.o(i.HAL_UART_GetError), (6 bytes).
    Removing stm32f3xx_hal_uart.o(i.HAL_UART_GetState), (12 bytes).
    Removing stm32f3xx_hal_uart.o(i.HAL_UART_IRQHandler), (436 bytes).
    Removing stm32f3xx_hal_uart.o(i.HAL_UART_MspDeInit), (2 bytes).
    Removing stm32f3xx_hal_uart.o(i.HAL_UART_MspInit), (2 bytes).
    Removing stm32f3xx_hal_uart.o(i.HAL_UART_Receive), (262 bytes).
    Removing stm32f3xx_hal_uart.o(i.HAL_UART_Receive_DMA), (192 bytes).
    Removing stm32f3xx_hal_uart.o(i.HAL_UART_Receive_IT), (200 bytes).
    Removing stm32f3xx_hal_uart.o(i.HAL_UART_ReceiverTimeout_Config), (16 bytes).
    Removing stm32f3xx_hal_uart.o(i.HAL_UART_RxCpltCallback), (2 bytes).
    Removing stm32f3xx_hal_uart.o(i.HAL_UART_RxHalfCpltCallback), (2 bytes).
    Removing stm32f3xx_hal_uart.o(i.HAL_UART_Transmit), (208 bytes).
    Removing stm32f3xx_hal_uart.o(i.HAL_UART_Transmit_DMA), (180 bytes).
    Removing stm32f3xx_hal_uart.o(i.HAL_UART_Transmit_IT), (120 bytes).
    Removing stm32f3xx_hal_uart.o(i.HAL_UART_TxCpltCallback), (2 bytes).
    Removing stm32f3xx_hal_uart.o(i.HAL_UART_TxHalfCpltCallback), (2 bytes).
    Removing stm32f3xx_hal_uart.o(i.UART_DMAAbortOnError), (24 bytes).
    Removing stm32f3xx_hal_uart.o(i.UART_DMAError), (86 bytes).
    Removing stm32f3xx_hal_uart.o(i.UART_DMAReceiveCplt), (66 bytes).
    Removing stm32f3xx_hal_uart.o(i.UART_DMARxAbortCallback), (70 bytes).
    Removing stm32f3xx_hal_uart.o(i.UART_DMARxHalfCplt), (14 bytes).
    Removing stm32f3xx_hal_uart.o(i.UART_DMARxOnlyAbortCallback), (42 bytes).
    Removing stm32f3xx_hal_uart.o(i.UART_DMATransmitCplt), (52 bytes).
    Removing stm32f3xx_hal_uart.o(i.UART_DMATxAbortCallback), (58 bytes).
    Removing stm32f3xx_hal_uart.o(i.UART_DMATxHalfCplt), (14 bytes).
    Removing stm32f3xx_hal_uart.o(i.UART_DMATxOnlyAbortCallback), (24 bytes).
    Removing stm32f3xx_hal_uart.o(i.UART_EndRxTransfer), (34 bytes).
    Removing stm32f3xx_hal_uart.o(i.UART_EndTransmit_IT), (32 bytes).
    Removing stm32f3xx_hal_uart.o(i.UART_EndTxTransfer), (18 bytes).
    Removing stm32f3xx_hal_uart.o(i.UART_RxISR_16BIT), (106 bytes).
    Removing stm32f3xx_hal_uart.o(i.UART_RxISR_8BIT), (102 bytes).
    Removing stm32f3xx_hal_uart.o(i.UART_TxISR_16BIT), (68 bytes).
    Removing stm32f3xx_hal_uart.o(i.UART_TxISR_8BIT), (64 bytes).
    Removing stm32f3xx_hal_uart_ex.o(.rev16_text), (4 bytes).
    Removing stm32f3xx_hal_uart_ex.o(.revsh_text), (4 bytes).
    Removing stm32f3xx_hal_uart_ex.o(.rrx_text), (6 bytes).
    Removing stm32f3xx_hal_uart_ex.o(i.HAL_MultiProcessorEx_AddressLength_Set), (62 bytes).
    Removing stm32f3xx_hal_uart_ex.o(i.HAL_RS485Ex_Init), (148 bytes).
    Removing stm32f3xx_hal_uart_ex.o(i.HAL_UARTEx_DisableStopMode), (50 bytes).
    Removing stm32f3xx_hal_uart_ex.o(i.HAL_UARTEx_EnableStopMode), (50 bytes).
    Removing stm32f3xx_hal_uart_ex.o(i.HAL_UARTEx_StopModeWakeUpSourceConfig), (140 bytes).
    Removing stm32f3xx_hal_uart_ex.o(i.HAL_UARTEx_WakeupCallback), (2 bytes).
    Removing stm32f3xx_hal_uart_ex.o(i.UARTEx_Wakeup_AddressConfig), (38 bytes).
    Removing system_stm32f3xx.o(.rev16_text), (4 bytes).
    Removing system_stm32f3xx.o(.revsh_text), (4 bytes).
    Removing system_stm32f3xx.o(.rrx_text), (6 bytes).
    Removing system_stm32f3xx.o(i.SystemCoreClockUpdate), (160 bytes).

591 unused section(s) (total 54550 bytes) removed from the image.

==============================================================================

Image Symbol Table

    Local Symbols

    Symbol Name                              Value     Ov Type        Size  Object(Section)

    ../Core/Src/main.c                       0x00000000   Number         0  main.o ABSOLUTE
    ../Core/Src/stm32f3xx_hal_msp.c          0x00000000   Number         0  stm32f3xx_hal_msp.o ABSOLUTE
    ../Core/Src/stm32f3xx_it.c               0x00000000   Number         0  stm32f3xx_it.o ABSOLUTE
    ../Core/Src/system_stm32f3xx.c           0x00000000   Number         0  system_stm32f3xx.o ABSOLUTE
    ../Drivers/STM32F3xx_HAL_Driver/Src/stm32f3xx_hal.c 0x00000000   Number         0  stm32f3xx_hal.o ABSOLUTE
    ../Drivers/STM32F3xx_HAL_Driver/Src/stm32f3xx_hal_adc.c 0x00000000   Number         0  stm32f3xx_hal_adc.o ABSOLUTE
    ../Drivers/STM32F3xx_HAL_Driver/Src/stm32f3xx_hal_adc_ex.c 0x00000000   Number         0  stm32f3xx_hal_adc_ex.o ABSOLUTE
    ../Drivers/STM32F3xx_HAL_Driver/Src/stm32f3xx_hal_can.c 0x00000000   Number         0  stm32f3xx_hal_can.o ABSOLUTE
    ../Drivers/STM32F3xx_HAL_Driver/Src/stm32f3xx_hal_cortex.c 0x00000000   Number         0  stm32f3xx_hal_cortex.o ABSOLUTE
    ../Drivers/STM32F3xx_HAL_Driver/Src/stm32f3xx_hal_dma.c 0x00000000   Number         0  stm32f3xx_hal_dma.o ABSOLUTE
    ../Drivers/STM32F3xx_HAL_Driver/Src/stm32f3xx_hal_exti.c 0x00000000   Number         0  stm32f3xx_hal_exti.o ABSOLUTE
    ../Drivers/STM32F3xx_HAL_Driver/Src/stm32f3xx_hal_flash.c 0x00000000   Number         0  stm32f3xx_hal_flash.o ABSOLUTE
    ../Drivers/STM32F3xx_HAL_Driver/Src/stm32f3xx_hal_flash_ex.c 0x00000000   Number         0  stm32f3xx_hal_flash_ex.o ABSOLUTE
    ../Drivers/STM32F3xx_HAL_Driver/Src/stm32f3xx_hal_gpio.c 0x00000000   Number         0  stm32f3xx_hal_gpio.o ABSOLUTE
    ../Drivers/STM32F3xx_HAL_Driver/Src/stm32f3xx_hal_i2c.c 0x00000000   Number         0  stm32f3xx_hal_i2c.o ABSOLUTE
    ../Drivers/STM32F3xx_HAL_Driver/Src/stm32f3xx_hal_i2c_ex.c 0x00000000   Number         0  stm32f3xx_hal_i2c_ex.o ABSOLUTE
    ../Drivers/STM32F3xx_HAL_Driver/Src/stm32f3xx_hal_pwr.c 0x00000000   Number         0  stm32f3xx_hal_pwr.o ABSOLUTE
    ../Drivers/STM32F3xx_HAL_Driver/Src/stm32f3xx_hal_pwr_ex.c 0x00000000   Number         0  stm32f3xx_hal_pwr_ex.o ABSOLUTE
    ../Drivers/STM32F3xx_HAL_Driver/Src/stm32f3xx_hal_rcc.c 0x00000000   Number         0  stm32f3xx_hal_rcc.o ABSOLUTE
    ../Drivers/STM32F3xx_HAL_Driver/Src/stm32f3xx_hal_rcc_ex.c 0x00000000   Number         0  stm32f3xx_hal_rcc_ex.o ABSOLUTE
    ../Drivers/STM32F3xx_HAL_Driver/Src/stm32f3xx_hal_tim.c 0x00000000   Number         0  stm32f3xx_hal_tim.o ABSOLUTE
    ../Drivers/STM32F3xx_HAL_Driver/Src/stm32f3xx_hal_tim_ex.c 0x00000000   Number         0  stm32f3xx_hal_tim_ex.o ABSOLUTE
    ../Drivers/STM32F3xx_HAL_Driver/Src/stm32f3xx_hal_uart.c 0x00000000   Number         0  stm32f3xx_hal_uart.o ABSOLUTE
    ../Drivers/STM32F3xx_HAL_Driver/Src/stm32f3xx_hal_uart_ex.c 0x00000000   Number         0  stm32f3xx_hal_uart_ex.o ABSOLUTE
    ../clib/microlib/division.c              0x00000000   Number         0  uldiv.o ABSOLUTE
    ../clib/microlib/init/entry.s            0x00000000   Number         0  entry9b.o ABSOLUTE
    ../clib/microlib/init/entry.s            0x00000000   Number         0  entry5.o ABSOLUTE
    ../clib/microlib/init/entry.s            0x00000000   Number         0  entry9a.o ABSOLUTE
    ../clib/microlib/init/entry.s            0x00000000   Number         0  entry10b.o ABSOLUTE
    ../clib/microlib/init/entry.s            0x00000000   Number         0  entry7b.o ABSOLUTE
    ../clib/microlib/init/entry.s            0x00000000   Number         0  entry7a.o ABSOLUTE
    ../clib/microlib/init/entry.s            0x00000000   Number         0  entry12b.o ABSOLUTE
    ../clib/microlib/init/entry.s            0x00000000   Number         0  entry12a.o ABSOLUTE
    ../clib/microlib/init/entry.s            0x00000000   Number         0  entry11b.o ABSOLUTE
    ../clib/microlib/init/entry.s            0x00000000   Number         0  entry8b.o ABSOLUTE
    ../clib/microlib/init/entry.s            0x00000000   Number         0  entry8a.o ABSOLUTE
    ../clib/microlib/init/entry.s            0x00000000   Number         0  entry2.o ABSOLUTE
    ../clib/microlib/init/entry.s            0x00000000   Number         0  entry11a.o ABSOLUTE
    ../clib/microlib/init/entry.s            0x00000000   Number         0  entry.o ABSOLUTE
    ../clib/microlib/init/entry.s            0x00000000   Number         0  entry10a.o ABSOLUTE
    ../clib/microlib/longlong.c              0x00000000   Number         0  llshl.o ABSOLUTE
    ../clib/microlib/longlong.c              0x00000000   Number         0  llushr.o ABSOLUTE
    ../clib/microlib/string/memcpy.c         0x00000000   Number         0  memcpya.o ABSOLUTE
    ../clib/microlib/string/memcpy.c         0x00000000   Number         0  memcpyb.o ABSOLUTE
    ../clib/microlib/string/memset.c         0x00000000   Number         0  memseta.o ABSOLUTE
    ..\Core\Src\main.c                       0x00000000   Number         0  main.o ABSOLUTE
    ..\Core\Src\stm32f3xx_hal_msp.c          0x00000000   Number         0  stm32f3xx_hal_msp.o ABSOLUTE
    ..\Core\Src\stm32f3xx_it.c               0x00000000   Number         0  stm32f3xx_it.o ABSOLUTE
    ..\Core\Src\system_stm32f3xx.c           0x00000000   Number         0  system_stm32f3xx.o ABSOLUTE
    ..\Drivers\STM32F3xx_HAL_Driver\Src\stm32f3xx_hal.c 0x00000000   Number         0  stm32f3xx_hal.o ABSOLUTE
    ..\Drivers\STM32F3xx_HAL_Driver\Src\stm32f3xx_hal_adc.c 0x00000000   Number         0  stm32f3xx_hal_adc.o ABSOLUTE
    ..\Drivers\STM32F3xx_HAL_Driver\Src\stm32f3xx_hal_adc_ex.c 0x00000000   Number         0  stm32f3xx_hal_adc_ex.o ABSOLUTE
    ..\Drivers\STM32F3xx_HAL_Driver\Src\stm32f3xx_hal_can.c 0x00000000   Number         0  stm32f3xx_hal_can.o ABSOLUTE
    ..\Drivers\STM32F3xx_HAL_Driver\Src\stm32f3xx_hal_cortex.c 0x00000000   Number         0  stm32f3xx_hal_cortex.o ABSOLUTE
    ..\Drivers\STM32F3xx_HAL_Driver\Src\stm32f3xx_hal_dma.c 0x00000000   Number         0  stm32f3xx_hal_dma.o ABSOLUTE
    ..\Drivers\STM32F3xx_HAL_Driver\Src\stm32f3xx_hal_exti.c 0x00000000   Number         0  stm32f3xx_hal_exti.o ABSOLUTE
    ..\Drivers\STM32F3xx_HAL_Driver\Src\stm32f3xx_hal_flash.c 0x00000000   Number         0  stm32f3xx_hal_flash.o ABSOLUTE
    ..\Drivers\STM32F3xx_HAL_Driver\Src\stm32f3xx_hal_flash_ex.c 0x00000000   Number         0  stm32f3xx_hal_flash_ex.o ABSOLUTE
    ..\Drivers\STM32F3xx_HAL_Driver\Src\stm32f3xx_hal_gpio.c 0x00000000   Number         0  stm32f3xx_hal_gpio.o ABSOLUTE
    ..\Drivers\STM32F3xx_HAL_Driver\Src\stm32f3xx_hal_i2c.c 0x00000000   Number         0  stm32f3xx_hal_i2c.o ABSOLUTE
    ..\Drivers\STM32F3xx_HAL_Driver\Src\stm32f3xx_hal_i2c_ex.c 0x00000000   Number         0  stm32f3xx_hal_i2c_ex.o ABSOLUTE
    ..\Drivers\STM32F3xx_HAL_Driver\Src\stm32f3xx_hal_pwr.c 0x00000000   Number         0  stm32f3xx_hal_pwr.o ABSOLUTE
    ..\Drivers\STM32F3xx_HAL_Driver\Src\stm32f3xx_hal_pwr_ex.c 0x00000000   Number         0  stm32f3xx_hal_pwr_ex.o ABSOLUTE
    ..\Drivers\STM32F3xx_HAL_Driver\Src\stm32f3xx_hal_rcc.c 0x00000000   Number         0  stm32f3xx_hal_rcc.o ABSOLUTE
    ..\Drivers\STM32F3xx_HAL_Driver\Src\stm32f3xx_hal_rcc_ex.c 0x00000000   Number         0  stm32f3xx_hal_rcc_ex.o ABSOLUTE
    ..\Drivers\STM32F3xx_HAL_Driver\Src\stm32f3xx_hal_tim.c 0x00000000   Number         0  stm32f3xx_hal_tim.o ABSOLUTE
    ..\Drivers\STM32F3xx_HAL_Driver\Src\stm32f3xx_hal_tim_ex.c 0x00000000   Number         0  stm32f3xx_hal_tim_ex.o ABSOLUTE
    ..\Drivers\STM32F3xx_HAL_Driver\Src\stm32f3xx_hal_uart.c 0x00000000   Number         0  stm32f3xx_hal_uart.o ABSOLUTE
    ..\Drivers\STM32F3xx_HAL_Driver\Src\stm32f3xx_hal_uart_ex.c 0x00000000   Number         0  stm32f3xx_hal_uart_ex.o ABSOLUTE
    ..\\user_source\\user_can.c              0x00000000   Number         0  user_can.o ABSOLUTE
    ..\\user_source\\user_ccp.c              0x00000000   Number         0  user_ccp.o ABSOLUTE
    ..\\user_source\\user_uart.c             0x00000000   Number         0  user_uart.o ABSOLUTE
    ..\user_source\user_can.c                0x00000000   Number         0  user_can.o ABSOLUTE
    ..\user_source\user_ccp.c                0x00000000   Number         0  user_ccp.o ABSOLUTE
    ..\user_source\user_uart.c               0x00000000   Number         0  user_uart.o ABSOLUTE
    dc.s                                     0x00000000   Number         0  dc.o ABSOLUTE
    handlers.s                               0x00000000   Number         0  handlers.o ABSOLUTE
    init.s                                   0x00000000   Number         0  init.o ABSOLUTE
    startup_stm32f302xc.s                    0x00000000   Number         0  startup_stm32f302xc.o ABSOLUTE
    RESET                                    0x08000000   Section      392  startup_stm32f302xc.o(RESET)
    .ARM.Collect$$$$00000000                 0x08000188   Section        0  entry.o(.ARM.Collect$$$$00000000)
    .ARM.Collect$$$$00000001                 0x08000188   Section        4  entry2.o(.ARM.Collect$$$$00000001)
    .ARM.Collect$$$$00000004                 0x0800018c   Section        4  entry5.o(.ARM.Collect$$$$00000004)
    .ARM.Collect$$$$00000008                 0x08000190   Section        0  entry7b.o(.ARM.Collect$$$$00000008)
    .ARM.Collect$$$$0000000A                 0x08000190   Section        0  entry8b.o(.ARM.Collect$$$$0000000A)
    .ARM.Collect$$$$0000000B                 0x08000190   Section        8  entry9a.o(.ARM.Collect$$$$0000000B)
    .ARM.Collect$$$$0000000E                 0x08000198   Section        4  entry12b.o(.ARM.Collect$$$$0000000E)
    .ARM.Collect$$$$0000000F                 0x0800019c   Section        0  entry10a.o(.ARM.Collect$$$$0000000F)
    .ARM.Collect$$$$00000011                 0x0800019c   Section        0  entry11a.o(.ARM.Collect$$$$00000011)
    .ARM.Collect$$$$00002712                 0x0800019c   Section        4  entry2.o(.ARM.Collect$$$$00002712)
    __lit__00000000                          0x0800019c   Data           4  entry2.o(.ARM.Collect$$$$00002712)
    .text                                    0x080001a0   Section       36  startup_stm32f302xc.o(.text)
    $v0                                      0x080001a0   Number         0  startup_stm32f302xc.o(.text)
    .text                                    0x080001c4   Section        0  uldiv.o(.text)
    .text                                    0x08000226   Section        0  llushr.o(.text)
    .text                                    0x08000246   Section        0  memcpya.o(.text)
    .text                                    0x0800026a   Section        0  memseta.o(.text)
    .text                                    0x0800028e   Section        0  llshl.o(.text)
    .text                                    0x080002ac   Section       36  init.o(.text)
    i.ADC_Disable                            0x080002d0   Section        0  stm32f3xx_hal_adc_ex.o(i.ADC_Disable)
    ADC_Disable                              0x080002d1   Thumb Code   152  stm32f3xx_hal_adc_ex.o(i.ADC_Disable)
    i.BusFault_Handler                       0x08000368   Section        0  stm32f3xx_it.o(i.BusFault_Handler)
    i.DMA_CalcBaseAndBitshift                0x0800036c   Section        0  stm32f3xx_hal_dma.o(i.DMA_CalcBaseAndBitshift)
    DMA_CalcBaseAndBitshift                  0x0800036d   Thumb Code    56  stm32f3xx_hal_dma.o(i.DMA_CalcBaseAndBitshift)
    i.DMA_SetConfig                          0x080003ac   Section        0  stm32f3xx_hal_dma.o(i.DMA_SetConfig)
    DMA_SetConfig                            0x080003ad   Thumb Code    44  stm32f3xx_hal_dma.o(i.DMA_SetConfig)
    i.DebugMon_Handler                       0x080003d8   Section        0  stm32f3xx_it.o(i.DebugMon_Handler)
    i.Error_Handler                          0x080003da   Section        0  main.o(i.Error_Handler)
    i.HAL_ADCEx_MultiModeConfigChannel       0x080003dc   Section        0  stm32f3xx_hal_adc_ex.o(i.HAL_ADCEx_MultiModeConfigChannel)
    i.HAL_ADC_ConfigChannel                  0x08000518   Section        0  stm32f3xx_hal_adc_ex.o(i.HAL_ADC_ConfigChannel)
    i.HAL_ADC_Init                           0x08000934   Section        0  stm32f3xx_hal_adc_ex.o(i.HAL_ADC_Init)
    i.HAL_ADC_MspInit                        0x08000b88   Section        0  stm32f3xx_hal_msp.o(i.HAL_ADC_MspInit)
    i.HAL_CAN_ConfigFilter                   0x08000ca8   Section        0  stm32f3xx_hal_can.o(i.HAL_CAN_ConfigFilter)
    i.HAL_CAN_ErrorCallback                  0x08000db2   Section        0  stm32f3xx_hal_can.o(i.HAL_CAN_ErrorCallback)
    i.HAL_CAN_Init                           0x08000db4   Section        0  stm32f3xx_hal_can.o(i.HAL_CAN_Init)
    i.HAL_CAN_MspInit                        0x08000f28   Section        0  stm32f3xx_hal_msp.o(i.HAL_CAN_MspInit)
    i.HAL_CAN_RxFifo0FullCallback            0x08000fd0   Section        0  stm32f3xx_hal_can.o(i.HAL_CAN_RxFifo0FullCallback)
    i.HAL_CAN_RxFifo1FullCallback            0x08000fd2   Section        0  stm32f3xx_hal_can.o(i.HAL_CAN_RxFifo1FullCallback)
    i.HAL_CAN_SleepCallback                  0x08000fd4   Section        0  stm32f3xx_hal_can.o(i.HAL_CAN_SleepCallback)
    i.HAL_CAN_Start                          0x08000fd6   Section        0  stm32f3xx_hal_can.o(i.HAL_CAN_Start)
    i.HAL_CAN_TxMailbox0AbortCallback        0x08001034   Section        0  stm32f3xx_hal_can.o(i.HAL_CAN_TxMailbox0AbortCallback)
    i.HAL_CAN_TxMailbox1AbortCallback        0x08001036   Section        0  stm32f3xx_hal_can.o(i.HAL_CAN_TxMailbox1AbortCallback)
    i.HAL_CAN_TxMailbox2AbortCallback        0x08001038   Section        0  stm32f3xx_hal_can.o(i.HAL_CAN_TxMailbox2AbortCallback)
    i.HAL_CAN_WakeUpFromRxMsgCallback        0x0800103a   Section        0  stm32f3xx_hal_can.o(i.HAL_CAN_WakeUpFromRxMsgCallback)
    i.HAL_DMA_Init                           0x0800103c   Section        0  stm32f3xx_hal_dma.o(i.HAL_DMA_Init)
    i.HAL_DMA_Start                          0x08001092   Section        0  stm32f3xx_hal_dma.o(i.HAL_DMA_Start)
    i.HAL_GPIO_Init                          0x08001104   Section        0  stm32f3xx_hal_gpio.o(i.HAL_GPIO_Init)
    i.HAL_GPIO_TogglePin                     0x080012cc   Section        0  stm32f3xx_hal_gpio.o(i.HAL_GPIO_TogglePin)
    i.HAL_GPIO_WritePin                      0x080012dc   Section        0  stm32f3xx_hal_gpio.o(i.HAL_GPIO_WritePin)
    i.HAL_GetTick                            0x080012e6   Section        0  stm32f3xx_hal.o(i.HAL_GetTick)
    i.HAL_IncTick                            0x080012f0   Section        0  stm32f3xx_hal.o(i.HAL_IncTick)
    i.HAL_Init                               0x08001308   Section        0  stm32f3xx_hal.o(i.HAL_Init)
    i.HAL_InitTick                           0x08001330   Section        0  stm32f3xx_hal.o(i.HAL_InitTick)
    i.HAL_MspInit                            0x0800137c   Section        0  stm32f3xx_hal_msp.o(i.HAL_MspInit)
    i.HAL_NVIC_SetPriority                   0x080013bc   Section        0  stm32f3xx_hal_cortex.o(i.HAL_NVIC_SetPriority)
    i.HAL_NVIC_SetPriorityGrouping           0x08001438   Section        0  stm32f3xx_hal_cortex.o(i.HAL_NVIC_SetPriorityGrouping)
    i.HAL_RCCEx_PeriphCLKConfig              0x08001460   Section        0  stm32f3xx_hal_rcc_ex.o(i.HAL_RCCEx_PeriphCLKConfig)
    i.HAL_RCC_ClockConfig                    0x0800170c   Section        0  stm32f3xx_hal_rcc.o(i.HAL_RCC_ClockConfig)
    i.HAL_RCC_GetHCLKFreq                    0x080019b8   Section        0  stm32f3xx_hal_rcc.o(i.HAL_RCC_GetHCLKFreq)
    i.HAL_RCC_GetPCLK1Freq                   0x080019c4   Section        0  stm32f3xx_hal_rcc.o(i.HAL_RCC_GetPCLK1Freq)
    i.HAL_RCC_GetPCLK2Freq                   0x080019f0   Section        0  stm32f3xx_hal_rcc.o(i.HAL_RCC_GetPCLK2Freq)
    i.HAL_RCC_GetSysClockFreq                0x08001a1c   Section        0  stm32f3xx_hal_rcc.o(i.HAL_RCC_GetSysClockFreq)
    i.HAL_RCC_OscConfig                      0x08001abc   Section        0  stm32f3xx_hal_rcc.o(i.HAL_RCC_OscConfig)
    i.HAL_SYSTICK_Config                     0x080024e0   Section        0  stm32f3xx_hal_cortex.o(i.HAL_SYSTICK_Config)
    i.HAL_TIMEx_MasterConfigSynchronization  0x08002514   Section        0  stm32f3xx_hal_tim_ex.o(i.HAL_TIMEx_MasterConfigSynchronization)
    i.HAL_TIM_Base_Init                      0x080025b4   Section        0  stm32f3xx_hal_tim.o(i.HAL_TIM_Base_Init)
    i.HAL_TIM_Base_MspInit                   0x080025e8   Section        0  stm32f3xx_hal_msp.o(i.HAL_TIM_Base_MspInit)
    i.HAL_TIM_Base_Start                     0x08002614   Section        0  stm32f3xx_hal_tim.o(i.HAL_TIM_Base_Start)
    i.HAL_TIM_ConfigClockSource              0x0800264c   Section        0  stm32f3xx_hal_tim.o(i.HAL_TIM_ConfigClockSource)
    i.HAL_UART_Init                          0x08002758   Section        0  stm32f3xx_hal_uart.o(i.HAL_UART_Init)
    i.HAL_UART_MspInit                       0x080027cc   Section        0  stm32f3xx_hal_msp.o(i.HAL_UART_MspInit)
    i.HardFault_Handler                      0x080028d8   Section        0  stm32f3xx_it.o(i.HardFault_Handler)
    i.MX_ADC1_Init                           0x080028dc   Section        0  main.o(i.MX_ADC1_Init)
    MX_ADC1_Init                             0x080028dd   Thumb Code   140  main.o(i.MX_ADC1_Init)
    i.MX_ADC2_Init                           0x0800296c   Section        0  main.o(i.MX_ADC2_Init)
    MX_ADC2_Init                             0x0800296d   Thumb Code   112  main.o(i.MX_ADC2_Init)
    i.MX_CAN_Init                            0x080029e4   Section        0  main.o(i.MX_CAN_Init)
    MX_CAN_Init                              0x080029e5   Thumb Code    54  main.o(i.MX_CAN_Init)
    i.MX_DMA_Init                            0x08002a24   Section        0  main.o(i.MX_DMA_Init)
    MX_DMA_Init                              0x08002a25   Thumb Code    32  main.o(i.MX_DMA_Init)
    i.MX_GPIO_Init                           0x08002a48   Section        0  main.o(i.MX_GPIO_Init)
    MX_GPIO_Init                             0x08002a49   Thumb Code   194  main.o(i.MX_GPIO_Init)
    i.MX_TIM2_Init                           0x08002b18   Section        0  main.o(i.MX_TIM2_Init)
    MX_TIM2_Init                             0x08002b19   Thumb Code   114  main.o(i.MX_TIM2_Init)
    i.MX_USART1_UART_Init                    0x08002b90   Section        0  main.o(i.MX_USART1_UART_Init)
    MX_USART1_UART_Init                      0x08002b91   Thumb Code    72  main.o(i.MX_USART1_UART_Init)
    i.MemManage_Handler                      0x08002be0   Section        0  stm32f3xx_it.o(i.MemManage_Handler)
    i.NMI_Handler                            0x08002be4   Section        0  stm32f3xx_it.o(i.NMI_Handler)
    i.PendSV_Handler                         0x08002be6   Section        0  stm32f3xx_it.o(i.PendSV_Handler)
    i.SVC_Handler                            0x08002be8   Section        0  stm32f3xx_it.o(i.SVC_Handler)
    i.SysTick_Handler                        0x08002bec   Section        0  stm32f3xx_it.o(i.SysTick_Handler)
    i.SystemClock_Config                     0x08002c04   Section        0  main.o(i.SystemClock_Config)
    i.SystemInit                             0x08002c8c   Section        0  system_stm32f3xx.o(i.SystemInit)
    i.TIM_Base_SetConfig                     0x08002ca8   Section        0  stm32f3xx_hal_tim.o(i.TIM_Base_SetConfig)
    i.TIM_ETR_SetConfig                      0x08002d4c   Section        0  stm32f3xx_hal_tim.o(i.TIM_ETR_SetConfig)
    i.TIM_ITRx_SetConfig                     0x08002d62   Section        0  stm32f3xx_hal_tim.o(i.TIM_ITRx_SetConfig)
    TIM_ITRx_SetConfig                       0x08002d63   Thumb Code    18  stm32f3xx_hal_tim.o(i.TIM_ITRx_SetConfig)
    i.TIM_TI1_ConfigInputStage               0x08002d74   Section        0  stm32f3xx_hal_tim.o(i.TIM_TI1_ConfigInputStage)
    TIM_TI1_ConfigInputStage                 0x08002d75   Thumb Code    38  stm32f3xx_hal_tim.o(i.TIM_TI1_ConfigInputStage)
    i.TIM_TI2_ConfigInputStage               0x08002d9a   Section        0  stm32f3xx_hal_tim.o(i.TIM_TI2_ConfigInputStage)
    TIM_TI2_ConfigInputStage                 0x08002d9b   Thumb Code    40  stm32f3xx_hal_tim.o(i.TIM_TI2_ConfigInputStage)
    i.UART_AdvFeatureConfig                  0x08002dc2   Section        0  stm32f3xx_hal_uart.o(i.UART_AdvFeatureConfig)
    i.UART_CheckIdleState                    0x08002eba   Section        0  stm32f3xx_hal_uart.o(i.UART_CheckIdleState)
    i.UART_SetConfig                         0x08002f28   Section        0  stm32f3xx_hal_uart.o(i.UART_SetConfig)
    i.UART_WaitOnFlagUntilTimeout            0x08003220   Section        0  stm32f3xx_hal_uart.o(i.UART_WaitOnFlagUntilTimeout)
    i.UsageFault_Handler                     0x080032d4   Section        0  stm32f3xx_it.o(i.UsageFault_Handler)
    i.__NVIC_GetPriorityGrouping             0x080032d8   Section        0  stm32f3xx_hal_cortex.o(i.__NVIC_GetPriorityGrouping)
    __NVIC_GetPriorityGrouping               0x080032d9   Thumb Code    10  stm32f3xx_hal_cortex.o(i.__NVIC_GetPriorityGrouping)
    i.__NVIC_SetPriority                     0x080032e8   Section        0  stm32f3xx_hal_cortex.o(i.__NVIC_SetPriority)
    __NVIC_SetPriority                       0x080032e9   Thumb Code    32  stm32f3xx_hal_cortex.o(i.__NVIC_SetPriority)
    i.__scatterload_copy                     0x08003310   Section       14  handlers.o(i.__scatterload_copy)
    i.__scatterload_null                     0x0800331e   Section        2  handlers.o(i.__scatterload_null)
    i.__scatterload_zeroinit                 0x08003320   Section       14  handlers.o(i.__scatterload_zeroinit)
    i.canInitF                               0x08003330   Section        0  user_can.o(i.canInitF)
    i.canRxMessageF1                         0x080034c0   Section        0  user_can.o(i.canRxMessageF1)
    i.canRxMessageF2                         0x080034e4   Section        0  user_can.o(i.canRxMessageF2)
    i.canTxMessageF1                         0x08003508   Section        0  user_can.o(i.canTxMessageF1)
    i.canTxMessageF2                         0x08003524   Section        0  user_can.o(i.canTxMessageF2)
    i.canTxMessageF3                         0x08003550   Section        0  user_can.o(i.canTxMessageF3)
    i.ccpCmdF                                0x08003570   Section        0  user_ccp.o(i.ccpCmdF)
    i.main                                   0x08003604   Section        0  main.o(i.main)
    i.usart1DmaRxF                           0x080039e8   Section        0  user_uart.o(i.usart1DmaRxF)
    i.usart1DmaRxInitF                       0x08003a16   Section        0  user_uart.o(i.usart1DmaRxInitF)
    i.usart1DmaTxF                           0x08003a46   Section        0  user_uart.o(i.usart1DmaTxF)
    i.usart1DmaTxInitF                       0x08003a74   Section        0  user_uart.o(i.usart1DmaTxInitF)
    i.userCanPollRoutineF                    0x08003aa4   Section        0  user_can.o(i.userCanPollRoutineF)
    .constdata                               0x08003ca4   Section       32  main.o(.constdata)
    .constdata                               0x08003cc4   Section       32  stm32f3xx_hal_rcc.o(.constdata)
    .constdata                               0x08003ce4   Section       24  system_stm32f3xx.o(.constdata)
    .data                                    0x20000000   Section      100  user_can.o(.data)
    .data                                    0x20000064   Section       12  user_ccp.o(.data)
    .data                                    0x20000070   Section      124  main.o(.data)
    .data                                    0x200000ec   Section        4  stm32f3xx_hal_msp.o(.data)
    HAL_RCC_ADC12_CLK_ENABLED                0x200000ec   Data           4  stm32f3xx_hal_msp.o(.data)
    .data                                    0x200000f0   Section        9  stm32f3xx_hal.o(.data)
    .data                                    0x200000fc   Section        4  system_stm32f3xx.o(.data)
    .bss                                     0x20000100   Section       32  user_ccp.o(.bss)
    .bss                                     0x20000120   Section      548  main.o(.bss)
    STACK                                    0x20000348   Section     1024  startup_stm32f302xc.o(STACK)

    Global Symbols

    Symbol Name                              Value     Ov Type        Size  Object(Section)

    BuildAttributes$$THM_ISAv4$E$P$D$K$B$S$7EM$VFPi3$EXTD16$VFPS$VFMA$PE$A:L22UL41UL21$X:L11$S22US41US21$IEEE1$IW$USESV6$~STKCKD$USESV7$~SHL$OSPACE$EBA8$MICROLIB$REQ8$PRES8$EABIv2 0x00000000   Number         0  anon$$obj.o ABSOLUTE
    __ARM_use_no_argv                        0x00000000   Number         0  main.o ABSOLUTE
    __arm_fini_                               - Undefined Weak Reference
    __cpp_initialize__aeabi_                  - Undefined Weak Reference
    __cxa_finalize                            - Undefined Weak Reference
    __decompress                              - Undefined Weak Reference
    _clock_init                               - Undefined Weak Reference
    _microlib_exit                            - Undefined Weak Reference
    __Vectors_Size                           0x00000188   Number         0  startup_stm32f302xc.o ABSOLUTE
    __Vectors                                0x08000000   Data           4  startup_stm32f302xc.o(RESET)
    __Vectors_End                            0x08000188   Data           0  startup_stm32f302xc.o(RESET)
    __main                                   0x08000189   Thumb Code     0  entry.o(.ARM.Collect$$$$00000000)
    _main_stk                                0x08000189   Thumb Code     0  entry2.o(.ARM.Collect$$$$00000001)
    _main_scatterload                        0x0800018d   Thumb Code     0  entry5.o(.ARM.Collect$$$$00000004)
    __main_after_scatterload                 0x08000191   Thumb Code     0  entry5.o(.ARM.Collect$$$$00000004)
    _main_clock                              0x08000191   Thumb Code     0  entry7b.o(.ARM.Collect$$$$00000008)
    _main_cpp_init                           0x08000191   Thumb Code     0  entry8b.o(.ARM.Collect$$$$0000000A)
    _main_init                               0x08000191   Thumb Code     0  entry9a.o(.ARM.Collect$$$$0000000B)
    __rt_lib_shutdown_fini                   0x08000199   Thumb Code     0  entry12b.o(.ARM.Collect$$$$0000000E)
    __rt_final_cpp                           0x0800019d   Thumb Code     0  entry10a.o(.ARM.Collect$$$$0000000F)
    __rt_final_exit                          0x0800019d   Thumb Code     0  entry11a.o(.ARM.Collect$$$$00000011)
    Reset_Handler                            0x080001a1   Thumb Code     8  startup_stm32f302xc.o(.text)
    ADC1_2_IRQHandler                        0x080001bb   Thumb Code     0  startup_stm32f302xc.o(.text)
    CAN_RX1_IRQHandler                       0x080001bb   Thumb Code     0  startup_stm32f302xc.o(.text)
    CAN_SCE_IRQHandler                       0x080001bb   Thumb Code     0  startup_stm32f302xc.o(.text)
    COMP1_2_IRQHandler                       0x080001bb   Thumb Code     0  startup_stm32f302xc.o(.text)
    COMP4_6_IRQHandler                       0x080001bb   Thumb Code     0  startup_stm32f302xc.o(.text)
    DMA1_Channel1_IRQHandler                 0x080001bb   Thumb Code     0  startup_stm32f302xc.o(.text)
    DMA1_Channel2_IRQHandler                 0x080001bb   Thumb Code     0  startup_stm32f302xc.o(.text)
    DMA1_Channel3_IRQHandler                 0x080001bb   Thumb Code     0  startup_stm32f302xc.o(.text)
    DMA1_Channel4_IRQHandler                 0x080001bb   Thumb Code     0  startup_stm32f302xc.o(.text)
    DMA1_Channel5_IRQHandler                 0x080001bb   Thumb Code     0  startup_stm32f302xc.o(.text)
    DMA1_Channel6_IRQHandler                 0x080001bb   Thumb Code     0  startup_stm32f302xc.o(.text)
    DMA1_Channel7_IRQHandler                 0x080001bb   Thumb Code     0  startup_stm32f302xc.o(.text)
    DMA2_Channel1_IRQHandler                 0x080001bb   Thumb Code     0  startup_stm32f302xc.o(.text)
    DMA2_Channel2_IRQHandler                 0x080001bb   Thumb Code     0  startup_stm32f302xc.o(.text)
    DMA2_Channel3_IRQHandler                 0x080001bb   Thumb Code     0  startup_stm32f302xc.o(.text)
    DMA2_Channel4_IRQHandler                 0x080001bb   Thumb Code     0  startup_stm32f302xc.o(.text)
    DMA2_Channel5_IRQHandler                 0x080001bb   Thumb Code     0  startup_stm32f302xc.o(.text)
    EXTI0_IRQHandler                         0x080001bb   Thumb Code     0  startup_stm32f302xc.o(.text)
    EXTI15_10_IRQHandler                     0x080001bb   Thumb Code     0  startup_stm32f302xc.o(.text)
    EXTI1_IRQHandler                         0x080001bb   Thumb Code     0  startup_stm32f302xc.o(.text)
    EXTI2_TSC_IRQHandler                     0x080001bb   Thumb Code     0  startup_stm32f302xc.o(.text)
    EXTI3_IRQHandler                         0x080001bb   Thumb Code     0  startup_stm32f302xc.o(.text)
    EXTI4_IRQHandler                         0x080001bb   Thumb Code     0  startup_stm32f302xc.o(.text)
    EXTI9_5_IRQHandler                       0x080001bb   Thumb Code     0  startup_stm32f302xc.o(.text)
    FLASH_IRQHandler                         0x080001bb   Thumb Code     0  startup_stm32f302xc.o(.text)
    FPU_IRQHandler                           0x080001bb   Thumb Code     0  startup_stm32f302xc.o(.text)
    I2C1_ER_IRQHandler                       0x080001bb   Thumb Code     0  startup_stm32f302xc.o(.text)
    I2C1_EV_IRQHandler                       0x080001bb   Thumb Code     0  startup_stm32f302xc.o(.text)
    I2C2_ER_IRQHandler                       0x080001bb   Thumb Code     0  startup_stm32f302xc.o(.text)
    I2C2_EV_IRQHandler                       0x080001bb   Thumb Code     0  startup_stm32f302xc.o(.text)
    PVD_IRQHandler                           0x080001bb   Thumb Code     0  startup_stm32f302xc.o(.text)
    RCC_IRQHandler                           0x080001bb   Thumb Code     0  startup_stm32f302xc.o(.text)
    RTC_Alarm_IRQHandler                     0x080001bb   Thumb Code     0  startup_stm32f302xc.o(.text)
    RTC_WKUP_IRQHandler                      0x080001bb   Thumb Code     0  startup_stm32f302xc.o(.text)
    SPI1_IRQHandler                          0x080001bb   Thumb Code     0  startup_stm32f302xc.o(.text)
    SPI2_IRQHandler                          0x080001bb   Thumb Code     0  startup_stm32f302xc.o(.text)
    SPI3_IRQHandler                          0x080001bb   Thumb Code     0  startup_stm32f302xc.o(.text)
    TAMP_STAMP_IRQHandler                    0x080001bb   Thumb Code     0  startup_stm32f302xc.o(.text)
    TIM1_BRK_TIM15_IRQHandler                0x080001bb   Thumb Code     0  startup_stm32f302xc.o(.text)
    TIM1_CC_IRQHandler                       0x080001bb   Thumb Code     0  startup_stm32f302xc.o(.text)
    TIM1_TRG_COM_TIM17_IRQHandler            0x080001bb   Thumb Code     0  startup_stm32f302xc.o(.text)
    TIM1_UP_TIM16_IRQHandler                 0x080001bb   Thumb Code     0  startup_stm32f302xc.o(.text)
    TIM2_IRQHandler                          0x080001bb   Thumb Code     0  startup_stm32f302xc.o(.text)
    TIM3_IRQHandler                          0x080001bb   Thumb Code     0  startup_stm32f302xc.o(.text)
    TIM4_IRQHandler                          0x080001bb   Thumb Code     0  startup_stm32f302xc.o(.text)
    TIM6_DAC_IRQHandler                      0x080001bb   Thumb Code     0  startup_stm32f302xc.o(.text)
    UART4_IRQHandler                         0x080001bb   Thumb Code     0  startup_stm32f302xc.o(.text)
    UART5_IRQHandler                         0x080001bb   Thumb Code     0  startup_stm32f302xc.o(.text)
    USART1_IRQHandler                        0x080001bb   Thumb Code     0  startup_stm32f302xc.o(.text)
    USART2_IRQHandler                        0x080001bb   Thumb Code     0  startup_stm32f302xc.o(.text)
    USART3_IRQHandler                        0x080001bb   Thumb Code     0  startup_stm32f302xc.o(.text)
    USBWakeUp_IRQHandler                     0x080001bb   Thumb Code     0  startup_stm32f302xc.o(.text)
    USBWakeUp_RMP_IRQHandler                 0x080001bb   Thumb Code     0  startup_stm32f302xc.o(.text)
    USB_HP_CAN_TX_IRQHandler                 0x080001bb   Thumb Code     0  startup_stm32f302xc.o(.text)
    USB_HP_IRQHandler                        0x080001bb   Thumb Code     0  startup_stm32f302xc.o(.text)
    USB_LP_CAN_RX0_IRQHandler                0x080001bb   Thumb Code     0  startup_stm32f302xc.o(.text)
    USB_LP_IRQHandler                        0x080001bb   Thumb Code     0  startup_stm32f302xc.o(.text)
    WWDG_IRQHandler                          0x080001bb   Thumb Code     0  startup_stm32f302xc.o(.text)
    __aeabi_uldivmod                         0x080001c5   Thumb Code    98  uldiv.o(.text)
    __aeabi_llsr                             0x08000227   Thumb Code    32  llushr.o(.text)
    _ll_ushift_r                             0x08000227   Thumb Code     0  llushr.o(.text)
    __aeabi_memcpy                           0x08000247   Thumb Code    36  memcpya.o(.text)
    __aeabi_memcpy4                          0x08000247   Thumb Code     0  memcpya.o(.text)
    __aeabi_memcpy8                          0x08000247   Thumb Code     0  memcpya.o(.text)
    __aeabi_memset                           0x0800026b   Thumb Code    14  memseta.o(.text)
    __aeabi_memset4                          0x0800026b   Thumb Code     0  memseta.o(.text)
    __aeabi_memset8                          0x0800026b   Thumb Code     0  memseta.o(.text)
    __aeabi_memclr                           0x08000279   Thumb Code     4  memseta.o(.text)
    __aeabi_memclr4                          0x08000279   Thumb Code     0  memseta.o(.text)
    __aeabi_memclr8                          0x08000279   Thumb Code     0  memseta.o(.text)
    _memset$wrapper                          0x0800027d   Thumb Code    18  memseta.o(.text)
    __aeabi_llsl                             0x0800028f   Thumb Code    30  llshl.o(.text)
    _ll_shift_l                              0x0800028f   Thumb Code     0  llshl.o(.text)
    __scatterload                            0x080002ad   Thumb Code    28  init.o(.text)
    __scatterload_rt2                        0x080002ad   Thumb Code     0  init.o(.text)
    BusFault_Handler                         0x08000369   Thumb Code     4  stm32f3xx_it.o(i.BusFault_Handler)
    DebugMon_Handler                         0x080003d9   Thumb Code     2  stm32f3xx_it.o(i.DebugMon_Handler)
    Error_Handler                            0x080003db   Thumb Code     2  main.o(i.Error_Handler)
    HAL_ADCEx_MultiModeConfigChannel         0x080003dd   Thumb Code   306  stm32f3xx_hal_adc_ex.o(i.HAL_ADCEx_MultiModeConfigChannel)
    HAL_ADC_ConfigChannel                    0x08000519   Thumb Code  1032  stm32f3xx_hal_adc_ex.o(i.HAL_ADC_ConfigChannel)
    HAL_ADC_Init                             0x08000935   Thumb Code   576  stm32f3xx_hal_adc_ex.o(i.HAL_ADC_Init)
    HAL_ADC_MspInit                          0x08000b89   Thumb Code   270  stm32f3xx_hal_msp.o(i.HAL_ADC_MspInit)
    HAL_CAN_ConfigFilter                     0x08000ca9   Thumb Code   266  stm32f3xx_hal_can.o(i.HAL_CAN_ConfigFilter)
    HAL_CAN_ErrorCallback                    0x08000db3   Thumb Code     2  stm32f3xx_hal_can.o(i.HAL_CAN_ErrorCallback)
    HAL_CAN_Init                             0x08000db5   Thumb Code   372  stm32f3xx_hal_can.o(i.HAL_CAN_Init)
    HAL_CAN_MspInit                          0x08000f29   Thumb Code   150  stm32f3xx_hal_msp.o(i.HAL_CAN_MspInit)
    HAL_CAN_RxFifo0FullCallback              0x08000fd1   Thumb Code     2  stm32f3xx_hal_can.o(i.HAL_CAN_RxFifo0FullCallback)
    HAL_CAN_RxFifo1FullCallback              0x08000fd3   Thumb Code     2  stm32f3xx_hal_can.o(i.HAL_CAN_RxFifo1FullCallback)
    HAL_CAN_SleepCallback                    0x08000fd5   Thumb Code     2  stm32f3xx_hal_can.o(i.HAL_CAN_SleepCallback)
    HAL_CAN_Start                            0x08000fd7   Thumb Code    94  stm32f3xx_hal_can.o(i.HAL_CAN_Start)
    HAL_CAN_TxMailbox0AbortCallback          0x08001035   Thumb Code     2  stm32f3xx_hal_can.o(i.HAL_CAN_TxMailbox0AbortCallback)
    HAL_CAN_TxMailbox1AbortCallback          0x08001037   Thumb Code     2  stm32f3xx_hal_can.o(i.HAL_CAN_TxMailbox1AbortCallback)
    HAL_CAN_TxMailbox2AbortCallback          0x08001039   Thumb Code     2  stm32f3xx_hal_can.o(i.HAL_CAN_TxMailbox2AbortCallback)
    HAL_CAN_WakeUpFromRxMsgCallback          0x0800103b   Thumb Code     2  stm32f3xx_hal_can.o(i.HAL_CAN_WakeUpFromRxMsgCallback)
    HAL_DMA_Init                             0x0800103d   Thumb Code    86  stm32f3xx_hal_dma.o(i.HAL_DMA_Init)
    HAL_DMA_Start                            0x08001093   Thumb Code   114  stm32f3xx_hal_dma.o(i.HAL_DMA_Start)
    HAL_GPIO_Init                            0x08001105   Thumb Code   428  stm32f3xx_hal_gpio.o(i.HAL_GPIO_Init)
    HAL_GPIO_TogglePin                       0x080012cd   Thumb Code    16  stm32f3xx_hal_gpio.o(i.HAL_GPIO_TogglePin)
    HAL_GPIO_WritePin                        0x080012dd   Thumb Code    10  stm32f3xx_hal_gpio.o(i.HAL_GPIO_WritePin)
    HAL_GetTick                              0x080012e7   Thumb Code     8  stm32f3xx_hal.o(i.HAL_GetTick)
    HAL_IncTick                              0x080012f1   Thumb Code    16  stm32f3xx_hal.o(i.HAL_IncTick)
    HAL_Init                                 0x08001309   Thumb Code    34  stm32f3xx_hal.o(i.HAL_Init)
    HAL_InitTick                             0x08001331   Thumb Code    64  stm32f3xx_hal.o(i.HAL_InitTick)
    HAL_MspInit                              0x0800137d   Thumb Code    58  stm32f3xx_hal_msp.o(i.HAL_MspInit)
    HAL_NVIC_SetPriority                     0x080013bd   Thumb Code   124  stm32f3xx_hal_cortex.o(i.HAL_NVIC_SetPriority)
    HAL_NVIC_SetPriorityGrouping             0x08001439   Thumb Code    32  stm32f3xx_hal_cortex.o(i.HAL_NVIC_SetPriorityGrouping)
    HAL_RCCEx_PeriphCLKConfig                0x08001461   Thumb Code   672  stm32f3xx_hal_rcc_ex.o(i.HAL_RCCEx_PeriphCLKConfig)
    HAL_RCC_ClockConfig                      0x0800170d   Thumb Code   664  stm32f3xx_hal_rcc.o(i.HAL_RCC_ClockConfig)
    HAL_RCC_GetHCLKFreq                      0x080019b9   Thumb Code     6  stm32f3xx_hal_rcc.o(i.HAL_RCC_GetHCLKFreq)
    HAL_RCC_GetPCLK1Freq                     0x080019c5   Thumb Code    36  stm32f3xx_hal_rcc.o(i.HAL_RCC_GetPCLK1Freq)
    HAL_RCC_GetPCLK2Freq                     0x080019f1   Thumb Code    36  stm32f3xx_hal_rcc.o(i.HAL_RCC_GetPCLK2Freq)
    HAL_RCC_GetSysClockFreq                  0x08001a1d   Thumb Code   138  stm32f3xx_hal_rcc.o(i.HAL_RCC_GetSysClockFreq)
    HAL_RCC_OscConfig                        0x08001abd   Thumb Code  2586  stm32f3xx_hal_rcc.o(i.HAL_RCC_OscConfig)
    HAL_SYSTICK_Config                       0x080024e1   Thumb Code    52  stm32f3xx_hal_cortex.o(i.HAL_SYSTICK_Config)
    HAL_TIMEx_MasterConfigSynchronization    0x08002515   Thumb Code   142  stm32f3xx_hal_tim_ex.o(i.HAL_TIMEx_MasterConfigSynchronization)
    HAL_TIM_Base_Init                        0x080025b5   Thumb Code    52  stm32f3xx_hal_tim.o(i.HAL_TIM_Base_Init)
    HAL_TIM_Base_MspInit                     0x080025e9   Thumb Code    40  stm32f3xx_hal_msp.o(i.HAL_TIM_Base_MspInit)
    HAL_TIM_Base_Start                       0x08002615   Thumb Code    50  stm32f3xx_hal_tim.o(i.HAL_TIM_Base_Start)
    HAL_TIM_ConfigClockSource                0x0800264d   Thumb Code   264  stm32f3xx_hal_tim.o(i.HAL_TIM_ConfigClockSource)
    HAL_UART_Init                            0x08002759   Thumb Code   116  stm32f3xx_hal_uart.o(i.HAL_UART_Init)
    HAL_UART_MspInit                         0x080027cd   Thumb Code   242  stm32f3xx_hal_msp.o(i.HAL_UART_MspInit)
    HardFault_Handler                        0x080028d9   Thumb Code     4  stm32f3xx_it.o(i.HardFault_Handler)
    MemManage_Handler                        0x08002be1   Thumb Code     4  stm32f3xx_it.o(i.MemManage_Handler)
    NMI_Handler                              0x08002be5   Thumb Code     2  stm32f3xx_it.o(i.NMI_Handler)
    PendSV_Handler                           0x08002be7   Thumb Code     2  stm32f3xx_it.o(i.PendSV_Handler)
    SVC_Handler                              0x08002be9   Thumb Code     2  stm32f3xx_it.o(i.SVC_Handler)
    SysTick_Handler                          0x08002bed   Thumb Code    18  stm32f3xx_it.o(i.SysTick_Handler)
    SystemClock_Config                       0x08002c05   Thumb Code   134  main.o(i.SystemClock_Config)
    SystemInit                               0x08002c8d   Thumb Code    24  system_stm32f3xx.o(i.SystemInit)
    TIM_Base_SetConfig                       0x08002ca9   Thumb Code   140  stm32f3xx_hal_tim.o(i.TIM_Base_SetConfig)
    TIM_ETR_SetConfig                        0x08002d4d   Thumb Code    22  stm32f3xx_hal_tim.o(i.TIM_ETR_SetConfig)
    UART_AdvFeatureConfig                    0x08002dc3   Thumb Code   248  stm32f3xx_hal_uart.o(i.UART_AdvFeatureConfig)
    UART_CheckIdleState                      0x08002ebb   Thumb Code   110  stm32f3xx_hal_uart.o(i.UART_CheckIdleState)
    UART_SetConfig                           0x08002f29   Thumb Code   726  stm32f3xx_hal_uart.o(i.UART_SetConfig)
    UART_WaitOnFlagUntilTimeout              0x08003221   Thumb Code   180  stm32f3xx_hal_uart.o(i.UART_WaitOnFlagUntilTimeout)
    UsageFault_Handler                       0x080032d5   Thumb Code     4  stm32f3xx_it.o(i.UsageFault_Handler)
    __scatterload_copy                       0x08003311   Thumb Code    14  handlers.o(i.__scatterload_copy)
    __scatterload_null                       0x0800331f   Thumb Code     2  handlers.o(i.__scatterload_null)
    __scatterload_zeroinit                   0x08003321   Thumb Code    14  handlers.o(i.__scatterload_zeroinit)
    canInitF                                 0x08003331   Thumb Code   390  user_can.o(i.canInitF)
    canRxMessageF1                           0x080034c1   Thumb Code    28  user_can.o(i.canRxMessageF1)
    canRxMessageF2                           0x080034e5   Thumb Code    28  user_can.o(i.canRxMessageF2)
    canTxMessageF1                           0x08003509   Thumb Code    20  user_can.o(i.canTxMessageF1)
    canTxMessageF2                           0x08003525   Thumb Code    36  user_can.o(i.canTxMessageF2)
    canTxMessageF3                           0x08003551   Thumb Code    22  user_can.o(i.canTxMessageF3)
    ccpCmdF                                  0x08003571   Thumb Code   134  user_ccp.o(i.ccpCmdF)
    main                                     0x08003605   Thumb Code   936  main.o(i.main)
    usart1DmaRxF                             0x080039e9   Thumb Code    46  user_uart.o(i.usart1DmaRxF)
    usart1DmaRxInitF                         0x08003a17   Thumb Code    48  user_uart.o(i.usart1DmaRxInitF)
    usart1DmaTxF                             0x08003a47   Thumb Code    46  user_uart.o(i.usart1DmaTxF)
    usart1DmaTxInitF                         0x08003a75   Thumb Code    48  user_uart.o(i.usart1DmaTxInitF)
    userCanPollRoutineF                      0x08003aa5   Thumb Code   506  user_can.o(i.userCanPollRoutineF)
    aPLLMULFactorTable                       0x08003cc4   Data          16  stm32f3xx_hal_rcc.o(.constdata)
    aPredivFactorTable                       0x08003cd4   Data          16  stm32f3xx_hal_rcc.o(.constdata)
    AHBPrescTable                            0x08003ce4   Data          16  system_stm32f3xx.o(.constdata)
    APBPrescTable                            0x08003cf4   Data           8  system_stm32f3xx.o(.constdata)
    Region$$Table$$Base                      0x08003cfc   Number         0  anon$$obj.o(Region$$Table)
    Region$$Table$$Limit                     0x08003d1c   Number         0  anon$$obj.o(Region$$Table)
    canConfigG                               0x20000000   Data         100  user_can.o(.data)
    myTest                                   0x20000064   Data           4  user_ccp.o(.data)
    ccpwriteFlgG                             0x20000068   Data           1  user_ccp.o(.data)
    ccpWriteAddressG                         0x2000006c   Data           4  user_ccp.o(.data)
    cnt                                      0x20000070   Data           1  main.o(.data)
    testBuf                                  0x20000071   Data          10  main.o(.data)
    canRxBuf                                 0x2000007b   Data           8  main.o(.data)
    canTxBuf1                                0x20000083   Data           8  main.o(.data)
    canTxBuf2                                0x2000008b   Data           8  main.o(.data)
    i                                        0x20000094   Data           4  main.o(.data)
    j                                        0x20000098   Data           4  main.o(.data)
    speed1                                   0x2000009c   Data           4  main.o(.data)
    speed2                                   0x200000a0   Data           4  main.o(.data)
    data1                                    0x200000a4   Data           2  main.o(.data)
    data2                                    0x200000a6   Data           2  main.o(.data)
    tem                                      0x200000a8   Data           2  main.o(.data)
    motorThrottleG                           0x200000ac   Data           4  main.o(.data)
    motorThrottleTemG                        0x200000b0   Data           4  main.o(.data)
    testAngleG                               0x200000b4   Data           4  main.o(.data)
    canRxG                                   0x200000b8   Data          28  main.o(.data)
    canTxG                                   0x200000d4   Data          24  main.o(.data)
    uwTick                                   0x200000f0   Data           4  stm32f3xx_hal.o(.data)
    uwTickPrio                               0x200000f4   Data           4  stm32f3xx_hal.o(.data)
    uwTickFreq                               0x200000f8   Data           1  stm32f3xx_hal.o(.data)
    SystemCoreClock                          0x200000fc   Data           4  system_stm32f3xx.o(.data)
    ccpReadG                                 0x20000100   Data          32  user_ccp.o(.bss)
    hadc1                                    0x20000120   Data          80  main.o(.bss)
    hadc2                                    0x20000170   Data          80  main.o(.bss)
    hcan                                     0x200001c0   Data          40  main.o(.bss)
    htim2                                    0x200001e8   Data          64  main.o(.bss)
    huart1                                   0x20000228   Data         128  main.o(.bss)
    hdma_usart1_rx                           0x200002a8   Data          68  main.o(.bss)
    hdma_usart1_tx                           0x200002ec   Data          68  main.o(.bss)
    dmaRxBuf                                 0x20000330   Data          10  main.o(.bss)
    dmaTxBuf                                 0x2000033a   Data          10  main.o(.bss)
    __initial_sp                             0x20000748   Data           0  startup_stm32f302xc.o(STACK)



==============================================================================

Memory Map of the image

  Image Entry point : 0x08000189

  Load Region LR_IROM1 (Base: 0x08000000, Size: 0x00003e1c, Max: 0x00020000, ABSOLUTE)

    Execution Region ER_IROM1 (Exec base: 0x08000000, Load base: 0x08000000, Size: 0x00003d1c, Max: 0x00020000, ABSOLUTE)

    Exec Addr    Load Addr    Size         Type   Attr      Idx    E Section Name        Object

    0x08000000   0x08000000   0x00000188   Data   RO            3    RESET               startup_stm32f302xc.o
    0x08000188   0x08000188   0x00000000   Code   RO         4163  * .ARM.Collect$$$$00000000  mc_w.l(entry.o)
    0x08000188   0x08000188   0x00000004   Code   RO         4176    .ARM.Collect$$$$00000001  mc_w.l(entry2.o)
    0x0800018c   0x0800018c   0x00000004   Code   RO         4179    .ARM.Collect$$$$00000004  mc_w.l(entry5.o)
    0x08000190   0x08000190   0x00000000   Code   RO         4181    .ARM.Collect$$$$00000008  mc_w.l(entry7b.o)
    0x08000190   0x08000190   0x00000000   Code   RO         4183    .ARM.Collect$$$$0000000A  mc_w.l(entry8b.o)
    0x08000190   0x08000190   0x00000008   Code   RO         4184    .ARM.Collect$$$$0000000B  mc_w.l(entry9a.o)
    0x08000198   0x08000198   0x00000004   Code   RO         4191    .ARM.Collect$$$$0000000E  mc_w.l(entry12b.o)
    0x0800019c   0x0800019c   0x00000000   Code   RO         4186    .ARM.Collect$$$$0000000F  mc_w.l(entry10a.o)
    0x0800019c   0x0800019c   0x00000000   Code   RO         4188    .ARM.Collect$$$$00000011  mc_w.l(entry11a.o)
    0x0800019c   0x0800019c   0x00000004   Code   RO         4177    .ARM.Collect$$$$00002712  mc_w.l(entry2.o)
    0x080001a0   0x080001a0   0x00000024   Code   RO            4    .text               startup_stm32f302xc.o
    0x080001c4   0x080001c4   0x00000062   Code   RO         4166    .text               mc_w.l(uldiv.o)
    0x08000226   0x08000226   0x00000020   Code   RO         4168    .text               mc_w.l(llushr.o)
    0x08000246   0x08000246   0x00000024   Code   RO         4170    .text               mc_w.l(memcpya.o)
    0x0800026a   0x0800026a   0x00000024   Code   RO         4172    .text               mc_w.l(memseta.o)
    0x0800028e   0x0800028e   0x0000001e   Code   RO         4192    .text               mc_w.l(llshl.o)
    0x080002ac   0x080002ac   0x00000024   Code   RO         4194    .text               mc_w.l(init.o)
    0x080002d0   0x080002d0   0x00000098   Code   RO          667    i.ADC_Disable       stm32f3xx_hal_adc_ex.o
    0x08000368   0x08000368   0x00000004   Code   RO          363    i.BusFault_Handler  stm32f3xx_it.o
    0x0800036c   0x0800036c   0x00000040   Code   RO         1314    i.DMA_CalcBaseAndBitshift  stm32f3xx_hal_dma.o
    0x080003ac   0x080003ac   0x0000002c   Code   RO         1315    i.DMA_SetConfig     stm32f3xx_hal_dma.o
    0x080003d8   0x080003d8   0x00000002   Code   RO          364    i.DebugMon_Handler  stm32f3xx_it.o
    0x080003da   0x080003da   0x00000002   Code   RO          269    i.Error_Handler     main.o
    0x080003dc   0x080003dc   0x0000013c   Code   RO          683    i.HAL_ADCEx_MultiModeConfigChannel  stm32f3xx_hal_adc_ex.o
    0x08000518   0x08000518   0x0000041c   Code   RO          692    i.HAL_ADC_ConfigChannel  stm32f3xx_hal_adc_ex.o
    0x08000934   0x08000934   0x00000254   Code   RO          696    i.HAL_ADC_Init      stm32f3xx_hal_adc_ex.o
    0x08000b88   0x08000b88   0x00000120   Code   RO          439    i.HAL_ADC_MspInit   stm32f3xx_hal_msp.o
    0x08000ca8   0x08000ca8   0x0000010a   Code   RO         2487    i.HAL_CAN_ConfigFilter  stm32f3xx_hal_can.o
    0x08000db2   0x08000db2   0x00000002   Code   RO         2490    i.HAL_CAN_ErrorCallback  stm32f3xx_hal_can.o
    0x08000db4   0x08000db4   0x00000174   Code   RO         2498    i.HAL_CAN_Init      stm32f3xx_hal_can.o
    0x08000f28   0x08000f28   0x000000a8   Code   RO          441    i.HAL_CAN_MspInit   stm32f3xx_hal_msp.o
    0x08000fd0   0x08000fd0   0x00000002   Code   RO         2505    i.HAL_CAN_RxFifo0FullCallback  stm32f3xx_hal_can.o
    0x08000fd2   0x08000fd2   0x00000002   Code   RO         2507    i.HAL_CAN_RxFifo1FullCallback  stm32f3xx_hal_can.o
    0x08000fd4   0x08000fd4   0x00000002   Code   RO         2509    i.HAL_CAN_SleepCallback  stm32f3xx_hal_can.o
    0x08000fd6   0x08000fd6   0x0000005e   Code   RO         2510    i.HAL_CAN_Start     stm32f3xx_hal_can.o
    0x08001034   0x08001034   0x00000002   Code   RO         2512    i.HAL_CAN_TxMailbox0AbortCallback  stm32f3xx_hal_can.o
    0x08001036   0x08001036   0x00000002   Code   RO         2514    i.HAL_CAN_TxMailbox1AbortCallback  stm32f3xx_hal_can.o
    0x08001038   0x08001038   0x00000002   Code   RO         2516    i.HAL_CAN_TxMailbox2AbortCallback  stm32f3xx_hal_can.o
    0x0800103a   0x0800103a   0x00000002   Code   RO         2519    i.HAL_CAN_WakeUpFromRxMsgCallback  stm32f3xx_hal_can.o
    0x0800103c   0x0800103c   0x00000056   Code   RO         1322    i.HAL_DMA_Init      stm32f3xx_hal_dma.o
    0x08001092   0x08001092   0x00000072   Code   RO         1325    i.HAL_DMA_Start     stm32f3xx_hal_dma.o
    0x08001104   0x08001104   0x000001c8   Code   RO         1251    i.HAL_GPIO_Init     stm32f3xx_hal_gpio.o
    0x080012cc   0x080012cc   0x00000010   Code   RO         1254    i.HAL_GPIO_TogglePin  stm32f3xx_hal_gpio.o
    0x080012dc   0x080012dc   0x0000000a   Code   RO         1255    i.HAL_GPIO_WritePin  stm32f3xx_hal_gpio.o
    0x080012e6   0x080012e6   0x00000008   Code   RO          938    i.HAL_GetTick       stm32f3xx_hal.o
    0x080012ee   0x080012ee   0x00000002   PAD
    0x080012f0   0x080012f0   0x00000018   Code   RO          944    i.HAL_IncTick       stm32f3xx_hal.o
    0x08001308   0x08001308   0x00000028   Code   RO          945    i.HAL_Init          stm32f3xx_hal.o
    0x08001330   0x08001330   0x0000004c   Code   RO          946    i.HAL_InitTick      stm32f3xx_hal.o
    0x0800137c   0x0800137c   0x00000040   Code   RO          442    i.HAL_MspInit       stm32f3xx_hal_msp.o
    0x080013bc   0x080013bc   0x0000007c   Code   RO         1425    i.HAL_NVIC_SetPriority  stm32f3xx_hal_cortex.o
    0x08001438   0x08001438   0x00000028   Code   RO         1426    i.HAL_NVIC_SetPriorityGrouping  stm32f3xx_hal_cortex.o
    0x08001460   0x08001460   0x000002ac   Code   RO         1208    i.HAL_RCCEx_PeriphCLKConfig  stm32f3xx_hal_rcc_ex.o
    0x0800170c   0x0800170c   0x000002ac   Code   RO         1102    i.HAL_RCC_ClockConfig  stm32f3xx_hal_rcc.o
    0x080019b8   0x080019b8   0x0000000c   Code   RO         1107    i.HAL_RCC_GetHCLKFreq  stm32f3xx_hal_rcc.o
    0x080019c4   0x080019c4   0x0000002c   Code   RO         1109    i.HAL_RCC_GetPCLK1Freq  stm32f3xx_hal_rcc.o
    0x080019f0   0x080019f0   0x0000002c   Code   RO         1110    i.HAL_RCC_GetPCLK2Freq  stm32f3xx_hal_rcc.o
    0x08001a1c   0x08001a1c   0x000000a0   Code   RO         1111    i.HAL_RCC_GetSysClockFreq  stm32f3xx_hal_rcc.o
    0x08001abc   0x08001abc   0x00000a24   Code   RO         1114    i.HAL_RCC_OscConfig  stm32f3xx_hal_rcc.o
    0x080024e0   0x080024e0   0x00000034   Code   RO         1430    i.HAL_SYSTICK_Config  stm32f3xx_hal_cortex.o
    0x08002514   0x08002514   0x000000a0   Code   RO         3448    i.HAL_TIMEx_MasterConfigSynchronization  stm32f3xx_hal_tim_ex.o
    0x080025b4   0x080025b4   0x00000034   Code   RO         2720    i.HAL_TIM_Base_Init  stm32f3xx_hal_tim.o
    0x080025e8   0x080025e8   0x0000002c   Code   RO          444    i.HAL_TIM_Base_MspInit  stm32f3xx_hal_msp.o
    0x08002614   0x08002614   0x00000038   Code   RO         2723    i.HAL_TIM_Base_Start  stm32f3xx_hal_tim.o
    0x0800264c   0x0800264c   0x0000010c   Code   RO         2729    i.HAL_TIM_ConfigClockSource  stm32f3xx_hal_tim.o
    0x08002758   0x08002758   0x00000074   Code   RO         3719    i.HAL_UART_Init     stm32f3xx_hal_uart.o
    0x080027cc   0x080027cc   0x0000010c   Code   RO          446    i.HAL_UART_MspInit  stm32f3xx_hal_msp.o
    0x080028d8   0x080028d8   0x00000004   Code   RO          365    i.HardFault_Handler  stm32f3xx_it.o
    0x080028dc   0x080028dc   0x00000090   Code   RO          270    i.MX_ADC1_Init      main.o
    0x0800296c   0x0800296c   0x00000078   Code   RO          271    i.MX_ADC2_Init      main.o
    0x080029e4   0x080029e4   0x00000040   Code   RO          272    i.MX_CAN_Init       main.o
    0x08002a24   0x08002a24   0x00000024   Code   RO          273    i.MX_DMA_Init       main.o
    0x08002a48   0x08002a48   0x000000d0   Code   RO          274    i.MX_GPIO_Init      main.o
    0x08002b18   0x08002b18   0x00000078   Code   RO          275    i.MX_TIM2_Init      main.o
    0x08002b90   0x08002b90   0x00000050   Code   RO          276    i.MX_USART1_UART_Init  main.o
    0x08002be0   0x08002be0   0x00000004   Code   RO          366    i.MemManage_Handler  stm32f3xx_it.o
    0x08002be4   0x08002be4   0x00000002   Code   RO          367    i.NMI_Handler       stm32f3xx_it.o
    0x08002be6   0x08002be6   0x00000002   Code   RO          368    i.PendSV_Handler    stm32f3xx_it.o
    0x08002be8   0x08002be8   0x00000002   Code   RO          369    i.SVC_Handler       stm32f3xx_it.o
    0x08002bea   0x08002bea   0x00000002   PAD
    0x08002bec   0x08002bec   0x00000018   Code   RO          370    i.SysTick_Handler   stm32f3xx_it.o
    0x08002c04   0x08002c04   0x00000086   Code   RO          277    i.SystemClock_Config  main.o
    0x08002c8a   0x08002c8a   0x00000002   PAD
    0x08002c8c   0x08002c8c   0x0000001c   Code   RO         4130    i.SystemInit        system_stm32f3xx.o
    0x08002ca8   0x08002ca8   0x000000a4   Code   RO         2810    i.TIM_Base_SetConfig  stm32f3xx_hal_tim.o
    0x08002d4c   0x08002d4c   0x00000016   Code   RO         2821    i.TIM_ETR_SetConfig  stm32f3xx_hal_tim.o
    0x08002d62   0x08002d62   0x00000012   Code   RO         2822    i.TIM_ITRx_SetConfig  stm32f3xx_hal_tim.o
    0x08002d74   0x08002d74   0x00000026   Code   RO         2830    i.TIM_TI1_ConfigInputStage  stm32f3xx_hal_tim.o
    0x08002d9a   0x08002d9a   0x00000028   Code   RO         2832    i.TIM_TI2_ConfigInputStage  stm32f3xx_hal_tim.o
    0x08002dc2   0x08002dc2   0x000000f8   Code   RO         3733    i.UART_AdvFeatureConfig  stm32f3xx_hal_uart.o
    0x08002eba   0x08002eba   0x0000006e   Code   RO         3734    i.UART_CheckIdleState  stm32f3xx_hal_uart.o
    0x08002f28   0x08002f28   0x000002f8   Code   RO         3750    i.UART_SetConfig    stm32f3xx_hal_uart.o
    0x08003220   0x08003220   0x000000b4   Code   RO         3753    i.UART_WaitOnFlagUntilTimeout  stm32f3xx_hal_uart.o
    0x080032d4   0x080032d4   0x00000004   Code   RO          371    i.UsageFault_Handler  stm32f3xx_it.o
    0x080032d8   0x080032d8   0x00000010   Code   RO         1432    i.__NVIC_GetPriorityGrouping  stm32f3xx_hal_cortex.o
    0x080032e8   0x080032e8   0x00000028   Code   RO         1433    i.__NVIC_SetPriority  stm32f3xx_hal_cortex.o
    0x08003310   0x08003310   0x0000000e   Code   RO         4198    i.__scatterload_copy  mc_w.l(handlers.o)
    0x0800331e   0x0800331e   0x00000002   Code   RO         4199    i.__scatterload_null  mc_w.l(handlers.o)
    0x08003320   0x08003320   0x0000000e   Code   RO         4200    i.__scatterload_zeroinit  mc_w.l(handlers.o)
    0x0800332e   0x0800332e   0x00000002   PAD
    0x08003330   0x08003330   0x00000190   Code   RO          164    i.canInitF          user_can.o
    0x080034c0   0x080034c0   0x00000024   Code   RO          165    i.canRxMessageF1    user_can.o
    0x080034e4   0x080034e4   0x00000024   Code   RO          166    i.canRxMessageF2    user_can.o
    0x08003508   0x08003508   0x0000001c   Code   RO          167    i.canTxMessageF1    user_can.o
    0x08003524   0x08003524   0x0000002c   Code   RO          168    i.canTxMessageF2    user_can.o
    0x08003550   0x08003550   0x00000020   Code   RO          169    i.canTxMessageF3    user_can.o
    0x08003570   0x08003570   0x00000094   Code   RO          234    i.ccpCmdF           user_ccp.o
    0x08003604   0x08003604   0x000003e4   Code   RO          278    i.main              main.o
    0x080039e8   0x080039e8   0x0000002e   Code   RO           13    i.usart1DmaRxF      user_uart.o
    0x08003a16   0x08003a16   0x00000030   Code   RO           14    i.usart1DmaRxInitF  user_uart.o
    0x08003a46   0x08003a46   0x0000002e   Code   RO           15    i.usart1DmaTxF      user_uart.o
    0x08003a74   0x08003a74   0x00000030   Code   RO           16    i.usart1DmaTxInitF  user_uart.o
    0x08003aa4   0x08003aa4   0x00000200   Code   RO          170    i.userCanPollRoutineF  user_can.o
    0x08003ca4   0x08003ca4   0x00000020   Data   RO          280    .constdata          main.o
    0x08003cc4   0x08003cc4   0x00000020   Data   RO         1115    .constdata          stm32f3xx_hal_rcc.o
    0x08003ce4   0x08003ce4   0x00000018   Data   RO         4131    .constdata          system_stm32f3xx.o
    0x08003cfc   0x08003cfc   0x00000020   Data   RO         4196    Region$$Table       anon$$obj.o


    Execution Region RW_IRAM1 (Exec base: 0x20000000, Load base: 0x08003d1c, Size: 0x00000748, Max: 0x00008000, ABSOLUTE)

    Exec Addr    Load Addr    Size         Type   Attr      Idx    E Section Name        Object

    0x20000000   0x08003d1c   0x00000064   Data   RW          171    .data               user_can.o
    0x20000064   0x08003d80   0x0000000c   Data   RW          236    .data               user_ccp.o
    0x20000070   0x08003d8c   0x0000007c   Data   RW          281    .data               main.o
    0x200000ec   0x08003e08   0x00000004   Data   RW          447    .data               stm32f3xx_hal_msp.o
    0x200000f0   0x08003e0c   0x00000009   Data   RW          952    .data               stm32f3xx_hal.o
    0x200000f9   0x08003e15   0x00000003   PAD
    0x200000fc   0x08003e18   0x00000004   Data   RW         4132    .data               system_stm32f3xx.o
    0x20000100        -       0x00000020   Zero   RW          235    .bss                user_ccp.o
    0x20000120        -       0x00000224   Zero   RW          279    .bss                main.o
    0x20000344   0x08003e1c   0x00000004   PAD
    0x20000348        -       0x00000400   Zero   RW            1    STACK               startup_stm32f302xc.o


==============================================================================

Image component sizes


      Code (inc. data)   RO Data    RW Data    ZI Data      Debug   Object Name

      1904        114         32        124        548       7617   main.o
        36          8        392          0       1024        816   startup_stm32f302xc.o
       148         26          0          9          0      11745   stm32f3xx_hal.o
      2116         50          0          0          0       5110   stm32f3xx_hal_adc_ex.o
       748          0          0          0          0       7490   stm32f3xx_hal_can.o
       272         22          0          0          0      33638   stm32f3xx_hal_cortex.o
       308          8          0          0          0       3143   stm32f3xx_hal_dma.o
       482         28          0          0          0       2801   stm32f3xx_hal_gpio.o
       832         72          0          4          0       4112   stm32f3xx_hal_msp.o
      3540         96         32          0          0       6268   stm32f3xx_hal_rcc.o
       684         12          0          0          0       1536   stm32f3xx_hal_rcc_ex.o
       658         34          0          0          0       6106   stm32f3xx_hal_tim.o
       160         18          0          0          0       1300   stm32f3xx_hal_tim_ex.o
      1414         54          0          0          0       4701   stm32f3xx_hal_uart.o
        48          6          0          0          0       4062   stm32f3xx_it.o
        28          4         24          4          0       1099   system_stm32f3xx.o
      1088         58          0        100          0       5731   user_can.o
       148         14          0         12         32       1586   user_ccp.o
       188          0          0          0          0     584092   user_uart.o

    ----------------------------------------------------------------------
     14808        624        512        256       1608     692953   Object Totals
         0          0         32          0          0          0   (incl. Generated)
         6          0          0          3          4          0   (incl. Padding)

    ----------------------------------------------------------------------

      Code (inc. data)   RO Data    RW Data    ZI Data      Debug   Library Member Name

         0          0          0          0          0          0   entry.o
         0          0          0          0          0          0   entry10a.o
         0          0          0          0          0          0   entry11a.o
         4          0          0          0          0          0   entry12b.o
         8          4          0          0          0          0   entry2.o
         4          0          0          0          0          0   entry5.o
         0          0          0          0          0          0   entry7b.o
         0          0          0          0          0          0   entry8b.o
         8          4          0          0          0          0   entry9a.o
        30          0          0          0          0          0   handlers.o
        36          8          0          0          0         68   init.o
        30          0          0          0          0         68   llshl.o
        32          0          0          0          0         68   llushr.o
        36          0          0          0          0         68   memcpya.o
        36          0          0          0          0        108   memseta.o
        98          0          0          0          0         92   uldiv.o

    ----------------------------------------------------------------------
       324         16          0          0          0        472   Library Totals
         2          0          0          0          0          0   (incl. Padding)

    ----------------------------------------------------------------------

      Code (inc. data)   RO Data    RW Data    ZI Data      Debug   Library Name

       322         16          0          0          0        472   mc_w.l

    ----------------------------------------------------------------------
       324         16          0          0          0        472   Library Totals

    ----------------------------------------------------------------------

==============================================================================


      Code (inc. data)   RO Data    RW Data    ZI Data      Debug   

     15132        640        512        256       1608     685273   Grand Totals
     15132        640        512        256       1608     685273   ELF Image Totals
     15132        640        512        256          0          0   ROM Totals

==============================================================================

    Total RO  Size (Code + RO Data)                15644 (  15.28kB)
    Total RW  Size (RW Data + ZI Data)              1864 (   1.82kB)
    Total ROM Size (Code + RO Data + RW Data)      15900 (  15.53kB)

==============================================================================

