<html>
<body>
<pre>
<h1>µVision Build Log</h1>
<h2>Tool Versions:</h2>
IDE-Version: ¦ÌVision V5.32.0.0
Copyright (C) 2020 ARM Ltd and ARM Germany GmbH. All rights reserved.
License Information: t hj, 111, LIC=WHYH9-4GYFT-636MB-26HL6-V3YT3-GQMML
 
Tool Versions:
Toolchain:       MDK-ARM Plus  Version: 5.32.0.0
Toolchain Path:  D:\KEIL\ARM\ARMCC\Bin
C Compiler:      Armcc.exe V5.06 update 7 (build 960)
Assembler:       Armasm.exe V5.06 update 7 (build 960)
Linker/Locator:  ArmLink.exe V5.06 update 7 (build 960)
Library Manager: ArmAr.exe V5.06 update 7 (build 960)
Hex Converter:   FromElf.exe V5.06 update 7 (build 960)
CPU DLL:         SARMCM3.DLL V5.32.0.0
Dialog DLL:      DCM.DLL V1.17.3.0
Target DLL:      STLink\ST-LINKIII-KEIL_SWO.dll V3.0.8.0
Dialog DLL:      TCM.DLL V1.46.0.0
 
<h2>Project:</h2>
D:\servo_pmsm_f302\MDK-ARM\servo_pmsm_f302.uvprojx
Project File Date:  10/15/2020

<h2>Output:</h2>
*** Using Compiler 'V5.06 update 7 (build 960)', folder: 'D:\KEIL\ARM\ARMCC\Bin'
Rebuild target 'servo_pmsm_f302'
assembling startup_stm32f302xc.s...
compiling stm32f3xx_hal_adc.c...
compiling stm32f3xx_it.c...
compiling stm32f3xx_hal_msp.c...
compiling stm32f3xx_hal_rcc_ex.c...
compiling stm32f3xx_hal_rcc.c...
compiling main.c...
compiling stm32f3xx_hal_gpio.c...
compiling stm32f3xx_hal_pwr.c...
compiling stm32f3xx_hal_dma.c...
compiling user_uart.c...
compiling stm32f3xx_hal.c...
compiling stm32f3xx_hal_cortex.c...
compiling user_ccp.c...
compiling user_can.c...
compiling stm32f3xx_hal_adc_ex.c...
compiling stm32f3xx_hal_i2c.c...
compiling stm32f3xx_hal_flash_ex.c...
compiling stm32f3xx_hal_flash.c...
compiling stm32f3xx_hal_can.c...
compiling stm32f3xx_hal_pwr_ex.c...
compiling stm32f3xx_hal_uart_ex.c...
compiling stm32f3xx_hal_i2c_ex.c...
compiling stm32f3xx_hal_exti.c...
compiling system_stm32f3xx.c...
compiling stm32f3xx_hal_uart.c...
compiling stm32f3xx_hal_tim_ex.c...
compiling stm32f3xx_hal_tim.c...
linking...
Program Size: Code=15132 RO-data=512 RW-data=256 ZI-data=1608  
FromELF: creating hex file...
"servo_pmsm_f302\servo_pmsm_f302.axf" - 0 Error(s), 0 Warning(s).

<h2>Software Packages used:</h2>

Package Vendor: ARM
                http://www.keil.com/pack/ARM.CMSIS.5.7.0.pack
                ARM.CMSIS.5.7.0
                CMSIS (Cortex Microcontroller Software Interface Standard)
   * Component: CORE Version: 5.4.0

Package Vendor: Keil
                http://www.keil.com/pack/Keil.STM32F3xx_DFP.2.1.0.pack
                Keil.STM32F3xx_DFP.2.1.0
                STMicroelectronics STM32F3 Series Device Support and Examples

<h2>Collection of Component include folders:</h2>
  .\RTE\_servo_pmsm_f302
  D:\KEIL\Arm\Packs\ARM\CMSIS\5.7.0\CMSIS\Core\Include
  D:\KEIL\Arm\Packs\Keil\STM32F3xx_DFP\2.1.0\Drivers\CMSIS\Device\ST\STM32F3xx\Include

<h2>Collection of Component Files used:</h2>

   * Component: ARM::CMSIS:CORE:5.4.0
Build Time Elapsed:  00:00:09
</pre>
</body>
</html>
